Component: ARM Compiler 5.06 update 7 (build 960) Tool: armlink [4d3601]

==============================================================================

Section Cross References

    main.o(.text) refers to delay.o(.text) for delay_init
    main.o(.text) refers to key.o(.text) for KEY_Init
    main.o(.text) refers to misc.o(.text) for NVIC_PriorityGroupConfig
    main.o(.text) refers to timer.o(.text) for TIM3_PWM_Init
    main.o(.text) refers to can.o(.text) for canInit
    main.o(.text) refers to usart.o(.text) for uart_init
    main.o(.text) refers to chassis.o(.text) for chassisInit
    main.o(.text) refers to coco_claw.o(.text) for cocoClawInit
    main.o(.text) refers to lock_claw.o(.text) for lockClawInit
    main.o(.text) refers to control.o(.text) for testAll
    main.o(.text) refers to chassis.o(.bss) for chassis
    system_stm32f10x.o(.text) refers to system_stm32f10x.o(.data) for SystemCoreClock
    led.o(.text) refers to stm32f10x_rcc.o(.text) for RCC_APB2PeriphClockCmd
    led.o(.text) refers to stm32f10x_gpio.o(.text) for GPIO_Init
    key.o(.text) refers to stm32f10x_rcc.o(.text) for RCC_APB2PeriphClockCmd
    key.o(.text) refers to stm32f10x_gpio.o(.text) for GPIO_Init
    key.o(.text) refers to delay.o(.text) for delay_ms
    key.o(.text) refers to key.o(.data) for key_up
    lcd.o(.text) refers to _printf_percent.o(.ARM.Collect$$_printf_percent$$00000000) for _printf_percent
    lcd.o(.text) refers to _printf_x.o(.ARM.Collect$$_printf_percent$$0000000C) for _printf_x
    lcd.o(.text) refers to _printf_hex_int.o(.text) for _printf_longlong_hex
    lcd.o(.text) refers to delay.o(.text) for delay_us
    lcd.o(.text) refers to lcd.o(.bss) for lcddev
    lcd.o(.text) refers to dflt_clz.o(x$fpl$dfltu) for __aeabi_ui2d
    lcd.o(.text) refers to dmul.o(x$fpl$dmul) for __aeabi_dmul
    lcd.o(.text) refers to dfixu.o(x$fpl$dfixu) for __aeabi_d2uiz
    lcd.o(.text) refers to lcd.o(.data) for POINT_COLOR
    lcd.o(.text) refers to stm32f10x_rcc.o(.text) for RCC_AHBPeriphClockCmd
    lcd.o(.text) refers to stm32f10x_gpio.o(.text) for GPIO_Init
    lcd.o(.text) refers to stm32f10x_fsmc.o(.text) for FSMC_NORSRAMInit
    lcd.o(.text) refers to noretval__2printf.o(.text) for __2printf
    lcd.o(.text) refers to lcd.o(.constdata) for asc2_1206
    can.o(.text) refers to stm32f10x_rcc.o(.text) for RCC_APB2PeriphClockCmd
    can.o(.text) refers to stm32f10x_gpio.o(.text) for GPIO_Init
    can.o(.text) refers to stm32f10x_can.o(.text) for CAN_Init
    can.o(.text) refers to misc.o(.text) for NVIC_Init
    can.o(.text) refers to can.o(.bss) for CAN_RX_BUF
    can.o(.text) refers to can.o(.data) for CAN_TX_BUF1
    motor.o(.text) refers to stm32f10x_can.o(.text) for CAN_ITConfig
    motor.o(.text) refers to dflt_clz.o(x$fpl$dflt) for __aeabi_i2d
    motor.o(.text) refers to dmul.o(x$fpl$dmul) for __aeabi_dmul
    motor.o(.text) refers to d2f.o(x$fpl$d2f) for __aeabi_d2f
    motor.o(.text) refers to fflt_clz.o(x$fpl$fflt) for __aeabi_i2f
    motor.o(.text) refers to faddsub_clz.o(x$fpl$fadd) for __aeabi_fadd
    motor.o(.text) refers to fmul.o(x$fpl$fmul) for __aeabi_fmul
    motor.o(.text) refers to ffix.o(x$fpl$ffix) for __aeabi_f2iz
    motor.o(.text) refers to f2d.o(x$fpl$f2d) for __aeabi_f2d
    motor.o(.text) refers to ddiv.o(x$fpl$ddiv) for __aeabi_ddiv
    motor.o(.text) refers to dfix.o(x$fpl$dfix) for __aeabi_d2iz
    motor.o(.text) refers to daddsub_clz.o(x$fpl$dadd) for __aeabi_dadd
    motor.o(.text) refers to dleqf.o(x$fpl$dleqf) for __aeabi_cdcmple
    motor.o(.text) refers to can.o(.bss) for CAN_RX_BUF
    motor.o(.text) refers to can.o(.data) for CAN_TX_BUF1
    chassis.o(.text) refers to motor.o(.text) for motorInit
    chassis.o(.text) refers to fdiv.o(x$fpl$fdiv) for __aeabi_fdiv
    chassis.o(.text) refers to fmul.o(x$fpl$fmul) for __aeabi_fmul
    chassis.o(.text) refers to ffix.o(x$fpl$ffix) for __aeabi_f2iz
    chassis.o(.text) refers to fflt_clz.o(x$fpl$fflt) for __aeabi_i2f
    chassis.o(.text) refers to faddsub_clz.o(x$fpl$fsub) for __aeabi_fsub
    chassis.o(.text) refers to frleqf.o(x$fpl$frleqf) for __aeabi_cfrcmple
    chassis.o(.text) refers to faddsub_clz.o(x$fpl$fadd) for __aeabi_fadd
    chassis.o(.text) refers to fleqf.o(x$fpl$fleqf) for __aeabi_cfcmple
    chassis.o(.text) refers to speed_planner.o(.text) for x_to_v
    chassis.o(.text) refers to f2d.o(x$fpl$f2d) for __aeabi_f2d
    chassis.o(.text) refers to ddiv.o(x$fpl$ddiv) for __aeabi_ddiv
    chassis.o(.text) refers to d2f.o(x$fpl$d2f) for __aeabi_d2f
    chassis.o(.text) refers to chassis.o(.bss) for chassis
    chassis.o(.text) refers to coco_claw.o(.bss) for cocoClaw
    chassis.o(.text) refers to lock_claw.o(.bss) for lockClaw
    control.o(.text) refers to motor.o(.text) for run_at_rate
    control.o(.text) refers to delay.o(.text) for delay_ms
    control.o(.text) refers to lock_claw.o(.text) for lockMovetoHeight
    control.o(.text) refers to coco_claw.o(.text) for cocoMovetoHeight
[...]
    ../clib/printf.c                         0x00000000   Number         0  _printf_hex_ptr.o ABSOLUTE
    ../clib/printf.c                         0x00000000   Number         0  _printf_hex_int_ptr.o ABSOLUTE
    ../clib/printf.c                         0x00000000   Number         0  _printf_hex_ll_ptr.o ABSOLUTE
    ../clib/printf.c                         0x00000000   Number         0  _printf_hex_int_ll_ptr.o ABSOLUTE
    ../clib/printf.c                         0x00000000   Number         0  __printf_flags.o ABSOLUTE
    ../clib/printf.c                         0x00000000   Number         0  __printf_ss.o ABSOLUTE
    ../clib/printf.c                         0x00000000   Number         0  __printf_flags_ss.o ABSOLUTE
    ../clib/printf.c                         0x00000000   Number         0  __printf_wp.o ABSOLUTE
    ../clib/printf.c                         0x00000000   Number         0  __printf_flags_wp.o ABSOLUTE
    ../clib/printf.c                         0x00000000   Number         0  __printf_ss_wp.o ABSOLUTE
    ../clib/printf.c                         0x00000000   Number         0  __printf_flags_ss_wp.o ABSOLUTE
    ../clib/printf.c                         0x00000000   Number         0  _printf_intcommon.o ABSOLUTE
    ../clib/printf.c                         0x00000000   Number         0  __printf_nopercent.o ABSOLUTE
    ../clib/printf_percent.s                 0x00000000   Number         0  _printf_percent_end.o ABSOLUTE
    ../clib/printf_percent.s                 0x00000000   Number         0  _printf_x.o ABSOLUTE
    ../clib/printf_percent.s                 0x00000000   Number         0  _printf_percent.o ABSOLUTE
    ../clib/signal.c                         0x00000000   Number         0  __raise.o ABSOLUTE
    ../clib/signal.c                         0x00000000   Number         0  defsig_rtmem_inner.o ABSOLUTE
    ../clib/signal.c                         0x00000000   Number         0  defsig_exit.o ABSOLUTE
    ../clib/signal.c                         0x00000000   Number         0  defsig_rtmem_formal.o ABSOLUTE
    ../clib/signal.c                         0x00000000   Number         0  defsig_rtmem_outer.o ABSOLUTE
    ../clib/signal.c                         0x00000000   Number         0  defsig_pvfn_inner.o ABSOLUTE
    ../clib/signal.c                         0x00000000   Number         0  defsig_rtred_inner.o ABSOLUTE
    ../clib/signal.c                         0x00000000   Number         0  defsig_stak_inner.o ABSOLUTE
    ../clib/signal.c                         0x00000000   Number         0  defsig_fpe_inner.o ABSOLUTE
    ../clib/signal.c                         0x00000000   Number         0  defsig_abrt_inner.o ABSOLUTE
    ../clib/signal.c                         0x00000000   Number         0  defsig_cppl_inner.o ABSOLUTE
    ../clib/signal.c                         0x00000000   Number         0  defsig_segv_inner.o ABSOLUTE
    ../clib/signal.c                         0x00000000   Number         0  defsig_other.o ABSOLUTE
    ../clib/signal.c                         0x00000000   Number         0  defsig_general.o ABSOLUTE
    ../clib/signal.s                         0x00000000   Number         0  defsig.o ABSOLUTE
    ../clib/stdio.c                          0x00000000   Number         0  ferror.o ABSOLUTE
    ../clib/stdio.c                          0x00000000   Number         0  ferror_locked.o ABSOLUTE
    ../clib/stdlib.c                         0x00000000   Number         0  exit.o ABSOLUTE
    ../fplib/d2f.s                           0x00000000   Number         0  d2f.o ABSOLUTE
    ../fplib/daddsub.s                       0x00000000   Number         0  daddsub_clz.o ABSOLUTE
    ../fplib/dcmp4.s                         0x00000000   Number         0  dcmp4.o ABSOLUTE
    ../fplib/dcmpi.s                         0x00000000   Number         0  dcmpi.o ABSOLUTE
    ../fplib/ddiv.s                          0x00000000   Number         0  ddiv.o ABSOLUTE
    ../fplib/dfix.s                          0x00000000   Number         0  dfix.o ABSOLUTE
    ../fplib/dfixu.s                         0x00000000   Number         0  dfixu.o ABSOLUTE
    ../fplib/dflt.s                          0x00000000   Number         0  dflt_clz.o ABSOLUTE
    ../fplib/dleqf.s                         0x00000000   Number         0  dleqf.o ABSOLUTE
    ../fplib/dmul.s                          0x00000000   Number         0  dmul.o ABSOLUTE
    ../fplib/dnaninf.s                       0x00000000   Number         0  dnaninf.o ABSOLUTE
    ../fplib/dretinf.s                       0x00000000   Number         0  dretinf.o ABSOLUTE
    ../fplib/dsqrt.s                         0x00000000   Number         0  dsqrt_noumaal.o ABSOLUTE
    ../fplib/f2d.s                           0x00000000   Number         0  f2d.o ABSOLUTE
    ../fplib/faddsub.s                       0x00000000   Number         0  faddsub_clz.o ABSOLUTE
    ../fplib/fcmpi.s                         0x00000000   Number         0  fcmpi.o ABSOLUTE
    ../fplib/fdiv.s                          0x00000000   Number         0  fdiv.o ABSOLUTE
    ../fplib/ffix.s                          0x00000000   Number         0  ffix.o ABSOLUTE
    ../fplib/fflt.s                          0x00000000   Number         0  fflt_clz.o ABSOLUTE
    ../fplib/fleqf.s                         0x00000000   Number         0  fleqf.o ABSOLUTE
    ../fplib/fmul.s                          0x00000000   Number         0  fmul.o ABSOLUTE
    ../fplib/fnaninf.s                       0x00000000   Number         0  fnaninf.o ABSOLUTE
    ../fplib/fpinit.s                        0x00000000   Number         0  fpinit.o ABSOLUTE
    ../fplib/fretinf.s                       0x00000000   Number         0  fretinf.o ABSOLUTE
    ../fplib/frleqf.s                        0x00000000   Number         0  frleqf.o ABSOLUTE
    ../fplib/usenofp.s                       0x00000000   Number         0  usenofp.o ABSOLUTE
    ../mathlib/fmax.c                        0x00000000   Number         0  fmax.o ABSOLUTE
    ../mathlib/fmax.c                        0x00000000   Number         0  fmin.o ABSOLUTE
    ../mathlib/sqrt.c                        0x00000000   Number         0  sqrt.o ABSOLUTE
    ../mathlib/sqrt.c                        0x00000000   Number         0  sqrt_x.o ABSOLUTE
    ..\CORE\core_cm3.c                       0x00000000   Number         0  core_cm3.o ABSOLUTE
    ..\CORE\startup_stm32f10x_hd.s           0x00000000   Number         0  startup_stm32f10x_hd.o ABSOLUTE
    ..\HARDWARE\CAN\can.c                    0x00000000   Number         0  can.o ABSOLUTE
    ..\HARDWARE\CHASSIS\chassis.c            0x00000000   Number         0  chassis.o ABSOLUTE
    ..\HARDWARE\COCO_CLAW\coco_claw.c        0x00000000   Number         0  coco_claw.o ABSOLUTE
    ..\HARDWARE\CONTROL\control.c            0x00000000   Number         0  control.o ABSOLUTE
    ..\HARDWARE\KEY\key.c                    0x00000000   Number         0  key.o ABSOLUTE
    ..\HARDWARE\LCD\lcd.c                    0x00000000   Number         0  lcd.o ABSOLUTE
    ..\HARDWARE\LED\led.c                    0x00000000   Number         0  led.o ABSOLUTE
    ..\HARDWARE\LOCK_CLAW\lock_claw.c        0x00000000   Number         0  lock_claw.o ABSOLUTE
    ..\HARDWARE\MOTOR\motor.c                0x00000000   Number         0  motor.o ABSOLUTE
    ..\HARDWARE\SPEED_PLANER\speed_planner.c 0x00000000   Number         0  speed_planner.o ABSOLUTE
    ..\HARDWARE\TIMER\timer.c                0x00000000   Number         0  timer.o ABSOLUTE
    ..\STM32F10x_FWLib\src\misc.c            0x00000000   Number         0  misc.o ABSOLUTE
    ..\STM32F10x_FWLib\src\stm32f10x_can.c   0x00000000   Number         0  stm32f10x_can.o ABSOLUTE
    ..\STM32F10x_FWLib\src\stm32f10x_fsmc.c  0x00000000   Number         0  stm32f10x_fsmc.o ABSOLUTE
    ..\STM32F10x_FWLib\src\stm32f10x_gpio.c  0x00000000   Number         0  stm32f10x_gpio.o ABSOLUTE
    ..\STM32F10x_FWLib\src\stm32f10x_rcc.c   0x00000000   Number         0  stm32f10x_rcc.o ABSOLUTE
    ..\STM32F10x_FWLib\src\stm32f10x_tim.c   0x00000000   Number         0  stm32f10x_tim.o ABSOLUTE
    ..\STM32F10x_FWLib\src\stm32f10x_usart.c 0x00000000   Number         0  stm32f10x_usart.o ABSOLUTE
    ..\SYSTEM\delay\delay.c                  0x00000000   Number         0  delay.o ABSOLUTE
    ..\SYSTEM\sys\sys.c                      0x00000000   Number         0  sys.o ABSOLUTE
    ..\SYSTEM\usart\usart.c                  0x00000000   Number         0  usart.o ABSOLUTE
    ..\\CORE\\core_cm3.c                     0x00000000   Number         0  core_cm3.o ABSOLUTE
    ..\\SYSTEM\\sys\\sys.c                   0x00000000   Number         0  sys.o ABSOLUTE
    dc.s                                     0x00000000   Number         0  dc.o ABSOLUTE
    main.c                                   0x00000000   Number         0  main.o ABSOLUTE
    stm32f10x_it.c                           0x00000000   Number         0  stm32f10x_it.o ABSOLUTE
    system_stm32f10x.c                       0x00000000   Number         0  system_stm32f10x.o ABSOLUTE
    RESET                                    0x08000000   Section      304  startup_stm32f10x_hd.o(RESET)
    !!!main                                  0x08000130   Section        8  __main.o(!!!main)
    !!!scatter                               0x08000138   Section       52  __scatter.o(!!!scatter)
    !!handler_copy                           0x0800016c   Section       26  __scatter_copy.o(!!handler_copy)
    !!handler_zi                             0x08000188   Section       28  __scatter_zi.o(!!handler_zi)
    .ARM.Collect$$libinit$$00000000          0x080001a4   Section        2  libinit.o(.ARM.Collect$$libinit$$00000000)
    .ARM.Collect$$libinit$$00000002          0x080001a6   Section        0  libinit2.o(.ARM.Collect$$libinit$$00000002)
    .ARM.Collect$$libinit$$00000004          0x080001a6   Section        0  libinit2.o(.ARM.Collect$$libinit$$00000004)
    .ARM.Collect$$libinit$$0000000A          0x080001a6   Section        0  libinit2.o(.ARM.Collect$$libinit$$0000000A)
    .ARM.Collect$$libinit$$0000000C          0x080001a6   Section        0  libinit2.o(.ARM.Collect$$libinit$$0000000C)
    .ARM.Collect$$libinit$$0000000E          0x080001a6   Section        0  libinit2.o(.ARM.Collect$$libinit$$0000000E)
    .ARM.Collect$$libinit$$00000011          0x080001a6   Section        0  libinit2.o(.ARM.Collect$$libinit$$00000011)
    .ARM.Collect$$libinit$$00000013          0x080001a6   Section        0  libinit2.o(.ARM.Collect$$libinit$$00000013)
    .ARM.Collect$$libinit$$00000015          0x080001a6   Section        0  libinit2.o(.ARM.Collect$$libinit$$00000015)
    .ARM.Collect$$libinit$$00000017          0x080001a6   Section        0  libinit2.o(.ARM.Collect$$libinit$$00000017)
    .ARM.Collect$$libinit$$00000019          0x080001a6   Section        0  libinit2.o(.ARM.Collect$$libinit$$00000019)
    .ARM.Collect$$libinit$$0000001B          0x080001a6   Section        0  libinit2.o(.ARM.Collect$$libinit$$0000001B)
    .ARM.Collect$$libinit$$0000001D          0x080001a6   Section        0  libinit2.o(.ARM.Collect$$libinit$$0000001D)
    .ARM.Collect$$libinit$$0000001F          0x080001a6   Section        0  libinit2.o(.ARM.Collect$$libinit$$0000001F)
    .ARM.Collect$$libinit$$00000021          0x080001a6   Section        0  libinit2.o(.ARM.Collect$$libinit$$00000021)
    .ARM.Collect$$libinit$$00000023          0x080001a6   Section        0  libinit2.o(.ARM.Collect$$libinit$$00000023)
    .ARM.Collect$$libinit$$00000025          0x080001a6   Section        0  libinit2.o(.ARM.Collect$$libinit$$00000025)
    .ARM.Collect$$libinit$$0000002C          0x080001a6   Section        0  libinit2.o(.ARM.Collect$$libinit$$0000002C)
    .ARM.Collect$$libinit$$0000002E          0x080001a6   Section        0  libinit2.o(.ARM.Collect$$libinit$$0000002E)
    .ARM.Collect$$libinit$$00000030          0x080001a6   Section        0  libinit2.o(.ARM.Collect$$libinit$$00000030)
    .ARM.Collect$$libinit$$00000032          0x080001a6   Section        0  libinit2.o(.ARM.Collect$$libinit$$00000032)
    .ARM.Collect$$libinit$$00000033          0x080001a6   Section        2  libinit2.o(.ARM.Collect$$libinit$$00000033)
    .ARM.Collect$$libshutdown$$00000000      0x080001a8   Section        2  libshutdown.o(.ARM.Collect$$libshutdown$$00000000)
    .ARM.Collect$$libshutdown$$00000002      0x080001aa   Section        0  libshutdown2.o(.ARM.Collect$$libshutdown$$00000002)
    .ARM.Collect$$libshutdown$$00000004      0x080001aa   Section        0  libshutdown2.o(.ARM.Collect$$libshutdown$$00000004)
    .ARM.Collect$$libshutdown$$00000006      0x080001aa   Section        0  libshutdown2.o(.ARM.Collect$$libshutdown$$00000006)
    .ARM.Collect$$libshutdown$$00000009      0x080001aa   Section        0  libshutdown2.o(.ARM.Collect$$libshutdown$$00000009)
    .ARM.Collect$$libshutdown$$0000000C      0x080001aa   Section        0  libshutdown2.o(.ARM.Collect$$libshutdown$$0000000C)
    .ARM.Collect$$libshutdown$$0000000E      0x080001aa   Section        0  libshutdown2.o(.ARM.Collect$$libshutdown$$0000000E)
    .ARM.Collect$$libshutdown$$00000011      0x080001aa   Section        0  libshutdown2.o(.ARM.Collect$$libshutdown$$00000011)
    .ARM.Collect$$libshutdown$$00000012      0x080001aa   Section        2  libshutdown2.o(.ARM.Collect$$libshutdown$$00000012)
    .ARM.Collect$$rtentry$$00000000          0x080001ac   Section        0  __rtentry.o(.ARM.Collect$$rtentry$$00000000)
    .ARM.Collect$$rtentry$$00000002          0x080001ac   Section        0  __rtentry2.o(.ARM.Collect$$rtentry$$00000002)
    .ARM.Collect$$rtentry$$00000004          0x080001ac   Section        6  __rtentry4.o(.ARM.Collect$$rtentry$$00000004)
    .ARM.Collect$$rtentry$$00000009          0x080001b2   Section        0  __rtentry2.o(.ARM.Collect$$rtentry$$00000009)
    .ARM.Collect$$rtentry$$0000000A          0x080001b2   Section        4  __rtentry2.o(.ARM.Collect$$rtentry$$0000000A)
    .ARM.Collect$$rtentry$$0000000C          0x080001b6   Section        0  __rtentry2.o(.ARM.Collect$$rtentry$$0000000C)
    .ARM.Collect$$rtentry$$0000000D          0x080001b6   Section        8  __rtentry2.o(.ARM.Collect$$rtentry$$0000000D)
    .ARM.Collect$$rtexit$$00000000           0x080001be   Section        2  rtexit.o(.ARM.Collect$$rtexit$$00000000)
    .ARM.Collect$$rtexit$$00000002           0x080001c0   Section        0  rtexit2.o(.ARM.Collect$$rtexit$$00000002)
    .ARM.Collect$$rtexit$$00000003           0x080001c0   Section        4  rtexit2.o(.ARM.Collect$$rtexit$$00000003)
    .ARM.Collect$$rtexit$$00000004           0x080001c4   Section        6  rtexit2.o(.ARM.Collect$$rtexit$$00000004)
    .text                                    0x080001cc   Section        0  main.o(.text)
    .text                                    0x08000264   Section        0  stm32f10x_it.o(.text)
    .text                                    0x08000280   Section        0  system_stm32f10x.o(.text)
    SetSysClockTo72                          0x08000281   Thumb Code   214  system_stm32f10x.o(.text)
    SetSysClock                              0x08000357   Thumb Code     8  system_stm32f10x.o(.text)
    .text                                    0x08000460   Section        0  key.o(.text)
    .text                                    0x08000538   Section        0  can.o(.text)
    .text                                    0x080007c8   Section        0  motor.o(.text)
    .text                                    0x08000c04   Section        0  chassis.o(.text)
    .text                                    0x08000f30   Section        0  control.o(.text)
    .text                                    0x080017a4   Section        0  coco_claw.o(.text)
    .text                                    0x0800195c   Section        0  lock_claw.o(.text)
    .text                                    0x08001b04   Section        0  timer.o(.text)
    .text                                    0x08001c04   Section        0  speed_planner.o(.text)
    .text                                    0x08001e28   Section        0  delay.o(.text)
    .text                                    0x08001efc   Section        0  usart.o(.text)
    .text                                    0x08001fd4   Section       64  startup_stm32f10x_hd.o(.text)
    .text                                    0x08002014   Section        0  misc.o(.text)
    .text                                    0x080020f0   Section        0  stm32f10x_gpio.o(.text)
    .text                                    0x0800244c   Section        0  stm32f10x_rcc.o(.text)
    .text                                    0x080027f0   Section        0  stm32f10x_can.o(.text)
    CheckITStatus                            0x08002ff3   Thumb Code    18  stm32f10x_can.o(.text)
    .text                                    0x080031e0   Section        0  stm32f10x_usart.o(.text)
    .text                                    0x080035e8   Section        0  stm32f10x_tim.o(.text)
    TI4_Config                               0x08003a8f   Thumb Code   130  stm32f10x_tim.o(.text)
    TI3_Config                               0x08003b23   Thumb Code   122  stm32f10x_tim.o(.text)
    TI2_Config                               0x08003bb7   Thumb Code   130  stm32f10x_tim.o(.text)
    TI1_Config                               0x08003c4b   Thumb Code   108  stm32f10x_tim.o(.text)
    .text                                    0x08004402   Section        2  use_no_semi_2.o(.text)
    .text                                    0x08004404   Section        0  heapauxi.o(.text)
    .text                                    0x0800440a   Section        2  use_no_semi.o(.text)
    .text                                    0x0800440c   Section        0  _rserrno.o(.text)
    .text                                    0x08004424   Section        8  rt_errno_addr_intlibspace.o(.text)
    .text                                    0x0800442c   Section        8  libspace.o(.text)
    .text                                    0x08004434   Section       74  sys_stackheap_outer.o(.text)
    .text                                    0x0800447e   Section        0  exit.o(.text)
    i.fmax                                   0x08004490   Section        0  fmax.o(i.fmax)
    i.fmin                                   0x080044d2   Section        0  fmin.o(i.fmin)
    i.sqrt                                   0x08004514   Section        0  sqrt.o(i.sqrt)
    x$fpl$d2f                                0x08004560   Section       98  d2f.o(x$fpl$d2f)
    x$fpl$dadd                               0x080045c4   Section      336  daddsub_clz.o(x$fpl$dadd)
    _dadd1                                   0x080045d5   Thumb Code     0  daddsub_clz.o(x$fpl$dadd)
    x$fpl$dcmp4                              0x08004714   Section      310  dcmp4.o(x$fpl$dcmp4)
    x$fpl$dcmpinf                            0x0800484a   Section       24  dcmpi.o(x$fpl$dcmpinf)
    x$fpl$ddiv                               0x08004864   Section      688  ddiv.o(x$fpl$ddiv)
    ddiv_entry                               0x0800486b   Thumb Code     0  ddiv.o(x$fpl$ddiv)
    x$fpl$dfix                               0x08004b14   Section       94  dfix.o(x$fpl$dfix)
    x$fpl$dflt                               0x08004b72   Section       46  dflt_clz.o(x$fpl$dflt)
    x$fpl$dleqf                              0x08004ba0   Section      120  dleqf.o(x$fpl$dleqf)
    x$fpl$dmul                               0x08004c18   Section      340  dmul.o(x$fpl$dmul)
    x$fpl$dnaninf                            0x08004d6c   Section      156  dnaninf.o(x$fpl$dnaninf)
    x$fpl$dretinf                            0x08004e08   Section       12  dretinf.o(x$fpl$dretinf)
    x$fpl$dsqrt                              0x08004e14   Section      460  dsqrt_noumaal.o(x$fpl$dsqrt)
    x$fpl$dsub                               0x08004fe0   Section      468  daddsub_clz.o(x$fpl$dsub)
    _dsub1                                   0x08004ff1   Thumb Code     0  daddsub_clz.o(x$fpl$dsub)
    x$fpl$f2d                                0x080051b4   Section       86  f2d.o(x$fpl$f2d)
    x$fpl$fadd                               0x0800520c   Section      196  faddsub_clz.o(x$fpl$fadd)
    _fadd1                                   0x0800521b   Thumb Code     0  faddsub_clz.o(x$fpl$fadd)
    x$fpl$fcmpinf                            0x080052d0   Section       24  fcmpi.o(x$fpl$fcmpinf)
    x$fpl$fdiv                               0x080052e8   Section      388  fdiv.o(x$fpl$fdiv)
    _fdiv1                                   0x080052e9   Thumb Code     0  fdiv.o(x$fpl$fdiv)
    x$fpl$ffix                               0x0800546c   Section       54  ffix.o(x$fpl$ffix)
    x$fpl$fflt                               0x080054a4   Section       48  fflt_clz.o(x$fpl$fflt)
    x$fpl$fleqf                              0x080054d4   Section      104  fleqf.o(x$fpl$fleqf)
    x$fpl$fmul                               0x0800553c   Section      258  fmul.o(x$fpl$fmul)
    x$fpl$fnaninf                            0x0800563e   Section      140  fnaninf.o(x$fpl$fnaninf)
    x$fpl$fretinf                            0x080056ca   Section       10  fretinf.o(x$fpl$fretinf)
    x$fpl$frleqf                             0x080056d4   Section       98  frleqf.o(x$fpl$frleqf)
    x$fpl$fsub                               0x08005738   Section      234  faddsub_clz.o(x$fpl$fsub)
    _fsub1                                   0x08005747   Thumb Code     0  faddsub_clz.o(x$fpl$fsub)
    x$fpl$usenofp                            0x08005822   Section        0  usenofp.o(x$fpl$usenofp)
    .data                                    0x20000000   Section       20  system_stm32f10x.o(.data)
    .data                                    0x20000014   Section        1  key.o(.data)
    key_up                                   0x20000014   Data           1  key.o(.data)
    .data                                    0x20000015   Section       16  can.o(.data)
    .data                                    0x20000025   Section        1  control.o(.data)
    .data                                    0x20000026   Section        4  delay.o(.data)
    fac_us                                   0x20000026   Data           1  delay.o(.data)
    fac_ms                                   0x20000028   Data           2  delay.o(.data)
    .data                                    0x2000002a   Section       20  stm32f10x_rcc.o(.data)
    APBAHBPrescTable                         0x2000002a   Data          16  stm32f10x_rcc.o(.data)
    ADCPrescTable                            0x2000003a   Data           4  stm32f10x_rcc.o(.data)
    .bss                                     0x20000040   Section       40  can.o(.bss)
    .bss                                     0x20000068   Section      328  chassis.o(.bss)
    .bss                                     0x200001b0   Section      120  coco_claw.o(.bss)
    .bss                                     0x20000228   Section      112  lock_claw.o(.bss)
    .bss                                     0x20000298   Section       96  libspace.o(.bss)
    HEAP                                     0x200002f8   Section      512  startup_stm32f10x_hd.o(HEAP)
    Heap_Mem                                 0x200002f8   Data         512  startup_stm32f10x_hd.o(HEAP)
    STACK                                    0x200004f8   Section     1024  startup_stm32f10x_hd.o(STACK)
    Stack_Mem                                0x200004f8   Data        1024  startup_stm32f10x_hd.o(STACK)
    __initial_sp                             0x200008f8   Data           0  startup_stm32f10x_hd.o(STACK)

    Global Symbols

    Symbol Name                              Value     Ov Type        Size  Object(Section)

    BuildAttributes$$THM_ISAv4$P$D$K$B$S$PE$A:L22UL41UL21$X:L11$S22US41US21$IEEE1$IW$USESV6$~STKCKD$USESV7$~SHL$OTIME$ROPI$IEEEJ$EBA8$UX$STANDARDLIB$REQ8$PRES8$EABIv2 0x00000000   Number         0  anon$$obj.o ABSOLUTE
    __ARM_use_no_argv                        0x00000000   Number         0  main.o ABSOLUTE
    __ARM_exceptions_init                     - Undefined Weak Reference
    __alloca_initialize                       - Undefined Weak Reference
    __arm_fini_                               - Undefined Weak Reference
    __arm_preinit_                            - Undefined Weak Reference
    __cpp_initialize__aeabi_                  - Undefined Weak Reference
    __cxa_finalize                            - Undefined Weak Reference
    __rt_locale                               - Undefined Weak Reference
    __sigvec_lookup                           - Undefined Weak Reference
    _atexit_init                              - Undefined Weak Reference
    _call_atexit_fns                          - Undefined Weak Reference
    _clock_init                               - Undefined Weak Reference
    _fp_trap_init                             - Undefined Weak Reference
    _fp_trap_shutdown                         - Undefined Weak Reference
    _get_lc_collate                           - Undefined Weak Reference
    _get_lc_ctype                             - Undefined Weak Reference
    _get_lc_monetary                          - Undefined Weak Reference
    _get_lc_numeric                           - Undefined Weak Reference
    _get_lc_time                              - Undefined Weak Reference
    _getenv_init                              - Undefined Weak Reference
    _handle_redirection                       - Undefined Weak Reference
    _init_alloc                               - Undefined Weak Reference
    _init_user_alloc                          - Undefined Weak Reference
    _initio                                   - Undefined Weak Reference
    _mutex_acquire                            - Undefined Weak Reference
    _mutex_release                            - Undefined Weak Reference
    _printf_post_padding                      - Undefined Weak Reference
    _printf_pre_padding                       - Undefined Weak Reference
    _printf_truncate_unsigned                 - Undefined Weak Reference
    _rand_init                                - Undefined Weak Reference
    _signal_finish                            - Undefined Weak Reference
    _signal_init                              - Undefined Weak Reference
    _terminate_alloc                          - Undefined Weak Reference
    _terminate_user_alloc                     - Undefined Weak Reference
    _terminateio                              - Undefined Weak Reference
    __Vectors_Size                           0x00000130   Number         0  startup_stm32f10x_hd.o ABSOLUTE
    __Vectors                                0x08000000   Data           4  startup_stm32f10x_hd.o(RESET)
    __Vectors_End                            0x08000130   Data           0  startup_stm32f10x_hd.o(RESET)
    __main                                   0x08000131   Thumb Code     8  __main.o(!!!main)
    __scatterload                            0x08000139   Thumb Code     0  __scatter.o(!!!scatter)
    __scatterload_rt2                        0x08000139   Thumb Code    44  __scatter.o(!!!scatter)
    __scatterload_rt2_thumb_only             0x08000139   Thumb Code     0  __scatter.o(!!!scatter)
    __scatterload_null                       0x08000147   Thumb Code     0  __scatter.o(!!!scatter)
    __scatterload_copy                       0x0800016d   Thumb Code    26  __scatter_copy.o(!!handler_copy)
    __scatterload_zeroinit                   0x08000189   Thumb Code    28  __scatter_zi.o(!!handler_zi)
    __rt_lib_init                            0x080001a5   Thumb Code     0  libinit.o(.ARM.Collect$$libinit$$00000000)
    __rt_lib_init_alloca_1                   0x080001a7   Thumb Code     0  libinit2.o(.ARM.Collect$$libinit$$0000002E)
    __rt_lib_init_argv_1                     0x080001a7   Thumb Code     0  libinit2.o(.ARM.Collect$$libinit$$0000002C)
    __rt_lib_init_atexit_1                   0x080001a7   Thumb Code     0  libinit2.o(.ARM.Collect$$libinit$$0000001B)
    __rt_lib_init_clock_1                    0x080001a7   Thumb Code     0  libinit2.o(.ARM.Collect$$libinit$$00000021)
    __rt_lib_init_cpp_1                      0x080001a7   Thumb Code     0  libinit2.o(.ARM.Collect$$libinit$$00000032)
    __rt_lib_init_exceptions_1               0x080001a7   Thumb Code     0  libinit2.o(.ARM.Collect$$libinit$$00000030)
    __rt_lib_init_fp_1                       0x080001a7   Thumb Code     0  libinit2.o(.ARM.Collect$$libinit$$00000002)
    __rt_lib_init_fp_trap_1                  0x080001a7   Thumb Code     0  libinit2.o(.ARM.Collect$$libinit$$0000001F)
    __rt_lib_init_getenv_1                   0x080001a7   Thumb Code     0  libinit2.o(.ARM.Collect$$libinit$$00000023)
    __rt_lib_init_heap_1                     0x080001a7   Thumb Code     0  libinit2.o(.ARM.Collect$$libinit$$0000000A)
    __rt_lib_init_lc_collate_1               0x080001a7   Thumb Code     0  libinit2.o(.ARM.Collect$$libinit$$00000011)
    __rt_lib_init_lc_ctype_1                 0x080001a7   Thumb Code     0  libinit2.o(.ARM.Collect$$libinit$$00000013)
    __rt_lib_init_lc_monetary_1              0x080001a7   Thumb Code     0  libinit2.o(.ARM.Collect$$libinit$$00000015)
    __rt_lib_init_lc_numeric_1               0x080001a7   Thumb Code     0  libinit2.o(.ARM.Collect$$libinit$$00000017)
    __rt_lib_init_lc_time_1                  0x080001a7   Thumb Code     0  libinit2.o(.ARM.Collect$$libinit$$00000019)
    __rt_lib_init_preinit_1                  0x080001a7   Thumb Code     0  libinit2.o(.ARM.Collect$$libinit$$00000004)
    __rt_lib_init_rand_1                     0x080001a7   Thumb Code     0  libinit2.o(.ARM.Collect$$libinit$$0000000E)
    __rt_lib_init_return                     0x080001a7   Thumb Code     0  libinit2.o(.ARM.Collect$$libinit$$00000033)
    __rt_lib_init_signal_1                   0x080001a7   Thumb Code     0  libinit2.o(.ARM.Collect$$libinit$$0000001D)
    __rt_lib_init_stdio_1                    0x080001a7   Thumb Code     0  libinit2.o(.ARM.Collect$$libinit$$00000025)
    __rt_lib_init_user_alloc_1               0x080001a7   Thumb Code     0  libinit2.o(.ARM.Collect$$libinit$$0000000C)
    __rt_lib_shutdown                        0x080001a9   Thumb Code     0  libshutdown.o(.ARM.Collect$$libshutdown$$00000000)
    __rt_lib_shutdown_cpp_1                  0x080001ab   Thumb Code     0  libshutdown2.o(.ARM.Collect$$libshutdown$$00000004)
    __rt_lib_shutdown_fini_1                 0x080001ab   Thumb Code     0  libshutdown2.o(.ARM.Collect$$libshutdown$$00000002)
    __rt_lib_shutdown_fp_trap_1              0x080001ab   Thumb Code     0  libshutdown2.o(.ARM.Collect$$libshutdown$$00000009)
    __rt_lib_shutdown_heap_1                 0x080001ab   Thumb Code     0  libshutdown2.o(.ARM.Collect$$libshutdown$$00000011)
    __rt_lib_shutdown_return                 0x080001ab   Thumb Code     0  libshutdown2.o(.ARM.Collect$$libshutdown$$00000012)
    __rt_lib_shutdown_signal_1               0x080001ab   Thumb Code     0  libshutdown2.o(.ARM.Collect$$libshutdown$$0000000C)
    __rt_lib_shutdown_stdio_1                0x080001ab   Thumb Code     0  libshutdown2.o(.ARM.Collect$$libshutdown$$00000006)
    __rt_lib_shutdown_user_alloc_1           0x080001ab   Thumb Code     0  libshutdown2.o(.ARM.Collect$$libshutdown$$0000000E)
    __rt_entry                               0x080001ad   Thumb Code     0  __rtentry.o(.ARM.Collect$$rtentry$$00000000)
    __rt_entry_presh_1                       0x080001ad   Thumb Code     0  __rtentry2.o(.ARM.Collect$$rtentry$$00000002)
    __rt_entry_sh                            0x080001ad   Thumb Code     0  __rtentry4.o(.ARM.Collect$$rtentry$$00000004)
    __rt_entry_li                            0x080001b3   Thumb Code     0  __rtentry2.o(.ARM.Collect$$rtentry$$0000000A)
    __rt_entry_postsh_1                      0x080001b3   Thumb Code     0  __rtentry2.o(.ARM.Collect$$rtentry$$00000009)
    __rt_entry_main                          0x080001b7   Thumb Code     0  __rtentry2.o(.ARM.Collect$$rtentry$$0000000D)
    __rt_entry_postli_1                      0x080001b7   Thumb Code     0  __rtentry2.o(.ARM.Collect$$rtentry$$0000000C)
    __rt_exit                                0x080001bf   Thumb Code     0  rtexit.o(.ARM.Collect$$rtexit$$00000000)
    __rt_exit_ls                             0x080001c1   Thumb Code     0  rtexit2.o(.ARM.Collect$$rtexit$$00000003)
    __rt_exit_prels_1                        0x080001c1   Thumb Code     0  rtexit2.o(.ARM.Collect$$rtexit$$00000002)
    __rt_exit_exit                           0x080001c5   Thumb Code     0  rtexit2.o(.ARM.Collect$$rtexit$$00000004)
    main                                     0x080001cd   Thumb Code   140  main.o(.text)
    NMI_Handler                              0x08000265   Thumb Code     2  stm32f10x_it.o(.text)
    HardFault_Handler                        0x08000267   Thumb Code     4  stm32f10x_it.o(.text)
    MemManage_Handler                        0x0800026b   Thumb Code     4  stm32f10x_it.o(.text)
    BusFault_Handler                         0x0800026f   Thumb Code     4  stm32f10x_it.o(.text)
    UsageFault_Handler                       0x08000273   Thumb Code     4  stm32f10x_it.o(.text)
    SVC_Handler                              0x08000277   Thumb Code     2  stm32f10x_it.o(.text)
    DebugMon_Handler                         0x08000279   Thumb Code     2  stm32f10x_it.o(.text)
    PendSV_Handler                           0x0800027b   Thumb Code     2  stm32f10x_it.o(.text)
    SysTick_Handler                          0x0800027d   Thumb Code     2  stm32f10x_it.o(.text)
    SystemInit                               0x0800035f   Thumb Code    78  system_stm32f10x.o(.text)
    SystemCoreClockUpdate                    0x080003ad   Thumb Code   142  system_stm32f10x.o(.text)
    KEY_Init                                 0x08000461   Thumb Code    52  key.o(.text)
    KEY_Scan                                 0x08000495   Thumb Code   150  key.o(.text)
    CAN_Mode_Init                            0x08000539   Thumb Code   242  can.o(.text)
    Can_Send_Msg                             0x0800062b   Thumb Code   114  can.o(.text)
    USB_LP_CAN1_RX0_IRQHandler               0x0800069d   Thumb Code   190  can.o(.text)
    Can_Receive_Msg                          0x0800075b   Thumb Code    56  can.o(.text)
    canInit                                  0x08000793   Thumb Code    34  can.o(.text)
    getMotorInfo                             0x080007c9   Thumb Code   118  motor.o(.text)
    setMotorCurrent                          0x0800083f   Thumb Code    90  motor.o(.text)
    run_at_rate                              0x08000899   Thumb Code   184  motor.o(.text)
    run_to_angle                             0x08000951   Thumb Code   280  motor.o(.text)
    motorInit                                0x08000a69   Thumb Code   276  motor.o(.text)
    loadMotorInitAngle                       0x08000b7d   Thumb Code    18  motor.o(.text)
    chassisInit                              0x08000c05   Thumb Code    84  chassis.o(.text)
    chassisMoveAtSpeed                       0x08000c59   Thumb Code    68  chassis.o(.text)
    chassisMoveToPos                         0x08000c9d   Thumb Code   260  chassis.o(.text)
    getChassisInfo                           0x08000da1   Thumb Code    28  chassis.o(.text)
    loadInitAngle                            0x08000dbd   Thumb Code    38  chassis.o(.text)
    chassisSpinAtRpm                         0x08000de3   Thumb Code    46  chassis.o(.text)
    chassisSpinToAngle                       0x08000e11   Thumb Code   214  chassis.o(.text)
    stop                                     0x08000f31   Thumb Code    66  control.o(.text)
    takeLastLock                             0x08000f73   Thumb Code   132  control.o(.text)
    takeFirstCoca                            0x08000ff7   Thumb Code    74  control.o(.text)
    takeCoca                                 0x08001041   Thumb Code   154  control.o(.text)
    putDownCoca                              0x080010db   Thumb Code    92  control.o(.text)
    takeLock                                 0x08001137   Thumb Code   188  control.o(.text)
    putDownLock                              0x080011f3   Thumb Code    72  control.o(.text)
    safe                                     0x0800123b   Thumb Code    18  control.o(.text)
    getAllMotorInfo                          0x0800124d   Thumb Code    40  control.o(.text)
    testAll                                  0x08001275   Thumb Code  1070  control.o(.text)
    testNew                                  0x080016a3   Thumb Code   128  control.o(.text)
    testMG                                   0x08001723   Thumb Code   130  control.o(.text)
    cocoClawInit                             0x080017a5   Thumb Code    46  coco_claw.o(.text)
    cocoMoveAtSpeed                          0x080017d3   Thumb Code    50  coco_claw.o(.text)
    cocoMovetoHeight                         0x08001805   Thumb Code   228  coco_claw.o(.text)
    setPwmval                                0x080018e9   Thumb Code    14  coco_claw.o(.text)
    cocoProtect                              0x080018f7   Thumb Code    12  coco_claw.o(.text)
    cocoPrepare                              0x08001903   Thumb Code    12  coco_claw.o(.text)
    cocoRelease                              0x0800190f   Thumb Code    12  coco_claw.o(.text)
    cocoHold                                 0x0800191b   Thumb Code    12  coco_claw.o(.text)
    lockMoveAtSpeed                          0x0800195d   Thumb Code    50  lock_claw.o(.text)
    lockMovetoHeight                         0x0800198f   Thumb Code   228  lock_claw.o(.text)
    lockHold                                 0x08001a73   Thumb Code    12  lock_claw.o(.text)
    lockRelease                              0x08001a7f   Thumb Code    12  lock_claw.o(.text)
    lockClawInit                             0x08001a8b   Thumb Code    68  lock_claw.o(.text)
    TIM3_Int_Init                            0x08001b05   Thumb Code    90  timer.o(.text)
    TIM3_IRQHandler                          0x08001b5f   Thumb Code    22  timer.o(.text)
    TIM3_PWM_Init                            0x08001b75   Thumb Code   130  timer.o(.text)
    x_to_v                                   0x08001c05   Thumb Code   546  speed_planner.o(.text)
    delay_init                               0x08001e29   Thumb Code    50  delay.o(.text)
    delay_us                                 0x08001e5b   Thumb Code    72  delay.o(.text)
    delay_ms                                 0x08001ea3   Thumb Code    72  delay.o(.text)
    _sys_exit                                0x08001efd   Thumb Code     4  usart.o(.text)
    fputc                                    0x08001f01   Thumb Code    24  usart.o(.text)
    uart_init                                0x08001f19   Thumb Code   152  usart.o(.text)
    USART1_IRQHandler                        0x08001fb1   Thumb Code    22  usart.o(.text)
    Reset_Handler                            0x08001fd5   Thumb Code     8  startup_stm32f10x_hd.o(.text)
    ADC1_2_IRQHandler                        0x08001fef   Thumb Code     0  startup_stm32f10x_hd.o(.text)
    ADC3_IRQHandler                          0x08001fef   Thumb Code     0  startup_stm32f10x_hd.o(.text)
    CAN1_RX1_IRQHandler                      0x08001fef   Thumb Code     0  startup_stm32f10x_hd.o(.text)
    CAN1_SCE_IRQHandler                      0x08001fef   Thumb Code     0  startup_stm32f10x_hd.o(.text)
    DMA1_Channel1_IRQHandler                 0x08001fef   Thumb Code     0  startup_stm32f10x_hd.o(.text)
    DMA1_Channel2_IRQHandler                 0x08001fef   Thumb Code     0  startup_stm32f10x_hd.o(.text)
    DMA1_Channel3_IRQHandler                 0x08001fef   Thumb Code     0  startup_stm32f10x_hd.o(.text)
    DMA1_Channel4_IRQHandler                 0x08001fef   Thumb Code     0  startup_stm32f10x_hd.o(.text)
    DMA1_Channel5_IRQHandler                 0x08001fef   Thumb Code     0  startup_stm32f10x_hd.o(.text)
    DMA1_Channel6_IRQHandler                 0x08001fef   Thumb Code     0  startup_stm32f10x_hd.o(.text)
    DMA1_Channel7_IRQHandler                 0x08001fef   Thumb Code     0  startup_stm32f10x_hd.o(.text)
    DMA2_Channel1_IRQHandler                 0x08001fef   Thumb Code     0  startup_stm32f10x_hd.o(.text)
    DMA2_Channel2_IRQHandler                 0x08001fef   Thumb Code     0  startup_stm32f10x_hd.o(.text)
    DMA2_Channel3_IRQHandler                 0x08001fef   Thumb Code     0  startup_stm32f10x_hd.o(.text)
    DMA2_Channel4_5_IRQHandler               0x08001fef   Thumb Code     0  startup_stm32f10x_hd.o(.text)
    EXTI0_IRQHandler                         0x08001fef   Thumb Code     0  startup_stm32f10x_hd.o(.text)
    EXTI15_10_IRQHandler                     0x08001fef   Thumb Code     0  startup_stm32f10x_hd.o(.text)
    EXTI1_IRQHandler                         0x08001fef   Thumb Code     0  startup_stm32f10x_hd.o(.text)
    EXTI2_IRQHandler                         0x08001fef   Thumb Code     0  startup_stm32f10x_hd.o(.text)
    EXTI3_IRQHandler                         0x08001fef   Thumb Code     0  startup_stm32f10x_hd.o(.text)
    EXTI4_IRQHandler                         0x08001fef   Thumb Code     0  startup_stm32f10x_hd.o(.text)
    EXTI9_5_IRQHandler                       0x08001fef   Thumb Code     0  startup_stm32f10x_hd.o(.text)
    FLASH_IRQHandler                         0x08001fef   Thumb Code     0  startup_stm32f10x_hd.o(.text)
    FSMC_IRQHandler                          0x08001fef   Thumb Code     0  startup_stm32f10x_hd.o(.text)
    I2C1_ER_IRQHandler                       0x08001fef   Thumb Code     0  startup_stm32f10x_hd.o(.text)
    I2C1_EV_IRQHandler                       0x08001fef   Thumb Code     0  startup_stm32f10x_hd.o(.text)
    I2C2_ER_IRQHandler                       0x08001fef   Thumb Code     0  startup_stm32f10x_hd.o(.text)
    I2C2_EV_IRQHandler                       0x08001fef   Thumb Code     0  startup_stm32f10x_hd.o(.text)
    PVD_IRQHandler                           0x08001fef   Thumb Code     0  startup_stm32f10x_hd.o(.text)
    RCC_IRQHandler                           0x08001fef   Thumb Code     0  startup_stm32f10x_hd.o(.text)
    RTCAlarm_IRQHandler                      0x08001fef   Thumb Code     0  startup_stm32f10x_hd.o(.text)
    RTC_IRQHandler                           0x08001fef   Thumb Code     0  startup_stm32f10x_hd.o(.text)
    SDIO_IRQHandler                          0x08001fef   Thumb Code     0  startup_stm32f10x_hd.o(.text)
    SPI1_IRQHandler                          0x08001fef   Thumb Code     0  startup_stm32f10x_hd.o(.text)
    SPI2_IRQHandler                          0x08001fef   Thumb Code     0  startup_stm32f10x_hd.o(.text)
    SPI3_IRQHandler                          0x08001fef   Thumb Code     0  startup_stm32f10x_hd.o(.text)
    TAMPER_IRQHandler                        0x08001fef   Thumb Code     0  startup_stm32f10x_hd.o(.text)
    TIM1_BRK_IRQHandler                      0x08001fef   Thumb Code     0  startup_stm32f10x_hd.o(.text)
    TIM1_CC_IRQHandler                       0x08001fef   Thumb Code     0  startup_stm32f10x_hd.o(.text)
    TIM1_TRG_COM_IRQHandler                  0x08001fef   Thumb Code     0  startup_stm32f10x_hd.o(.text)
    TIM1_UP_IRQHandler                       0x08001fef   Thumb Code     0  startup_stm32f10x_hd.o(.text)
    TIM2_IRQHandler                          0x08001fef   Thumb Code     0  startup_stm32f10x_hd.o(.text)
    TIM4_IRQHandler                          0x08001fef   Thumb Code     0  startup_stm32f10x_hd.o(.text)
    TIM5_IRQHandler                          0x08001fef   Thumb Code     0  startup_stm32f10x_hd.o(.text)
    TIM6_IRQHandler                          0x08001fef   Thumb Code     0  startup_stm32f10x_hd.o(.text)
    TIM7_IRQHandler                          0x08001fef   Thumb Code     0  startup_stm32f10x_hd.o(.text)
    TIM8_BRK_IRQHandler                      0x08001fef   Thumb Code     0  startup_stm32f10x_hd.o(.text)
    TIM8_CC_IRQHandler                       0x08001fef   Thumb Code     0  startup_stm32f10x_hd.o(.text)
    TIM8_TRG_COM_IRQHandler                  0x08001fef   Thumb Code     0  startup_stm32f10x_hd.o(.text)
    TIM8_UP_IRQHandler                       0x08001fef   Thumb Code     0  startup_stm32f10x_hd.o(.text)
    UART4_IRQHandler                         0x08001fef   Thumb Code     0  startup_stm32f10x_hd.o(.text)
    UART5_IRQHandler                         0x08001fef   Thumb Code     0  startup_stm32f10x_hd.o(.text)
    USART2_IRQHandler                        0x08001fef   Thumb Code     0  startup_stm32f10x_hd.o(.text)
    USART3_IRQHandler                        0x08001fef   Thumb Code     0  startup_stm32f10x_hd.o(.text)
    USBWakeUp_IRQHandler                     0x08001fef   Thumb Code     0  startup_stm32f10x_hd.o(.text)
    USB_HP_CAN1_TX_IRQHandler                0x08001fef   Thumb Code     0  startup_stm32f10x_hd.o(.text)
    WWDG_IRQHandler                          0x08001fef   Thumb Code     0  startup_stm32f10x_hd.o(.text)
    __user_initial_stackheap                 0x08001ff1   Thumb Code     0  startup_stm32f10x_hd.o(.text)
    NVIC_PriorityGroupConfig                 0x08002015   Thumb Code    10  misc.o(.text)
    NVIC_Init                                0x0800201f   Thumb Code   100  misc.o(.text)
    NVIC_SetVectorTable                      0x08002083   Thumb Code    14  misc.o(.text)
    NVIC_SystemLPConfig                      0x08002091   Thumb Code    34  misc.o(.text)
    SysTick_CLKSourceConfig                  0x080020b3   Thumb Code    40  misc.o(.text)
    GPIO_DeInit                              0x080020f1   Thumb Code   172  stm32f10x_gpio.o(.text)
    GPIO_AFIODeInit                          0x0800219d   Thumb Code    20  stm32f10x_gpio.o(.text)
    GPIO_Init                                0x080021b1   Thumb Code   278  stm32f10x_gpio.o(.text)
    GPIO_StructInit                          0x080022c7   Thumb Code    16  stm32f10x_gpio.o(.text)
    GPIO_ReadInputDataBit                    0x080022d7   Thumb Code    18  stm32f10x_gpio.o(.text)
    GPIO_ReadInputData                       0x080022e9   Thumb Code     8  stm32f10x_gpio.o(.text)
    GPIO_ReadOutputDataBit                   0x080022f1   Thumb Code    18  stm32f10x_gpio.o(.text)
    GPIO_ReadOutputData                      0x08002303   Thumb Code     8  stm32f10x_gpio.o(.text)
    GPIO_SetBits                             0x0800230b   Thumb Code     4  stm32f10x_gpio.o(.text)
    GPIO_ResetBits                           0x0800230f   Thumb Code     4  stm32f10x_gpio.o(.text)
    GPIO_WriteBit                            0x08002313   Thumb Code    10  stm32f10x_gpio.o(.text)
    GPIO_Write                               0x0800231d   Thumb Code     4  stm32f10x_gpio.o(.text)
    GPIO_PinLockConfig                       0x08002321   Thumb Code    18  stm32f10x_gpio.o(.text)
    GPIO_EventOutputConfig                   0x08002333   Thumb Code    26  stm32f10x_gpio.o(.text)
    GPIO_EventOutputCmd                      0x0800234d   Thumb Code     6  stm32f10x_gpio.o(.text)
    GPIO_PinRemapConfig                      0x08002353   Thumb Code   138  stm32f10x_gpio.o(.text)
    GPIO_EXTILineConfig                      0x080023dd   Thumb Code    66  stm32f10x_gpio.o(.text)
    GPIO_ETH_MediaInterfaceConfig            0x0800241f   Thumb Code     8  stm32f10x_gpio.o(.text)
    RCC_DeInit                               0x0800244d   Thumb Code    64  stm32f10x_rcc.o(.text)
    RCC_HSEConfig                            0x0800248d   Thumb Code    70  stm32f10x_rcc.o(.text)
    RCC_GetFlagStatus                        0x080024d3   Thumb Code    56  stm32f10x_rcc.o(.text)
    RCC_WaitForHSEStartUp                    0x0800250b   Thumb Code    56  stm32f10x_rcc.o(.text)
    RCC_AdjustHSICalibrationValue            0x08002543   Thumb Code    20  stm32f10x_rcc.o(.text)
    RCC_HSICmd                               0x08002557   Thumb Code     6  stm32f10x_rcc.o(.text)
    RCC_PLLConfig                            0x0800255d   Thumb Code    24  stm32f10x_rcc.o(.text)
    RCC_PLLCmd                               0x08002575   Thumb Code     6  stm32f10x_rcc.o(.text)
    RCC_SYSCLKConfig                         0x0800257b   Thumb Code    18  stm32f10x_rcc.o(.text)
    RCC_GetSYSCLKSource                      0x0800258d   Thumb Code    10  stm32f10x_rcc.o(.text)
    RCC_HCLKConfig                           0x08002597   Thumb Code    18  stm32f10x_rcc.o(.text)
    RCC_PCLK1Config                          0x080025a9   Thumb Code    18  stm32f10x_rcc.o(.text)
    RCC_PCLK2Config                          0x080025bb   Thumb Code    20  stm32f10x_rcc.o(.text)
    RCC_ITConfig                             0x080025cf   Thumb Code    26  stm32f10x_rcc.o(.text)
    RCC_USBCLKConfig                         0x080025e9   Thumb Code     8  stm32f10x_rcc.o(.text)
    RCC_ADCCLKConfig                         0x080025f1   Thumb Code    18  stm32f10x_rcc.o(.text)
    RCC_LSEConfig                            0x08002603   Thumb Code    50  stm32f10x_rcc.o(.text)
    RCC_LSICmd                               0x08002635   Thumb Code     6  stm32f10x_rcc.o(.text)
    RCC_RTCCLKConfig                         0x0800263b   Thumb Code    12  stm32f10x_rcc.o(.text)
    RCC_RTCCLKCmd                            0x08002647   Thumb Code     8  stm32f10x_rcc.o(.text)
    RCC_GetClocksFreq                        0x0800264f   Thumb Code   192  stm32f10x_rcc.o(.text)
    RCC_AHBPeriphClockCmd                    0x0800270f   Thumb Code    26  stm32f10x_rcc.o(.text)
    RCC_APB2PeriphClockCmd                   0x08002729   Thumb Code    26  stm32f10x_rcc.o(.text)
    RCC_APB1PeriphClockCmd                   0x08002743   Thumb Code    26  stm32f10x_rcc.o(.text)
    RCC_APB2PeriphResetCmd                   0x0800275d   Thumb Code    26  stm32f10x_rcc.o(.text)
    RCC_APB1PeriphResetCmd                   0x08002777   Thumb Code    26  stm32f10x_rcc.o(.text)
    RCC_BackupResetCmd                       0x08002791   Thumb Code     8  stm32f10x_rcc.o(.text)
    RCC_ClockSecuritySystemCmd               0x08002799   Thumb Code     6  stm32f10x_rcc.o(.text)
    RCC_MCOConfig                            0x0800279f   Thumb Code     6  stm32f10x_rcc.o(.text)
    RCC_ClearFlag                            0x080027a5   Thumb Code    14  stm32f10x_rcc.o(.text)
    RCC_GetITStatus                          0x080027b3   Thumb Code    20  stm32f10x_rcc.o(.text)
    RCC_ClearITPendingBit                    0x080027c7   Thumb Code     6  stm32f10x_rcc.o(.text)
    CAN_DeInit                               0x080027f1   Thumb Code    50  stm32f10x_can.o(.text)
    CAN_Init                                 0x08002823   Thumb Code   276  stm32f10x_can.o(.text)
    CAN_FilterInit                           0x08002937   Thumb Code   258  stm32f10x_can.o(.text)
    CAN_StructInit                           0x08002a39   Thumb Code    32  stm32f10x_can.o(.text)
    CAN_SlaveStartBank                       0x08002a59   Thumb Code    48  stm32f10x_can.o(.text)
    CAN_DBGFreeze                            0x08002a89   Thumb Code    22  stm32f10x_can.o(.text)
    CAN_TTComModeCmd                         0x08002a9f   Thumb Code   118  stm32f10x_can.o(.text)
    CAN_Transmit                             0x08002b15   Thumb Code   304  stm32f10x_can.o(.text)
    CAN_TransmitStatus                       0x08002c45   Thumb Code   138  stm32f10x_can.o(.text)
    CAN_CancelTransmit                       0x08002ccf   Thumb Code    48  stm32f10x_can.o(.text)
    CAN_Receive                              0x08002cff   Thumb Code   240  stm32f10x_can.o(.text)
    CAN_FIFORelease                          0x08002def   Thumb Code    22  stm32f10x_can.o(.text)
    CAN_MessagePending                       0x08002e05   Thumb Code    30  stm32f10x_can.o(.text)
    CAN_OperatingModeRequest                 0x08002e23   Thumb Code   162  stm32f10x_can.o(.text)
    CAN_Sleep                                0x08002ec5   Thumb Code    30  stm32f10x_can.o(.text)
    CAN_WakeUp                               0x08002ee3   Thumb Code    48  stm32f10x_can.o(.text)
    CAN_GetLastErrorCode                     0x08002f13   Thumb Code    12  stm32f10x_can.o(.text)
    CAN_GetReceiveErrorCounter               0x08002f1f   Thumb Code    10  stm32f10x_can.o(.text)
    CAN_GetLSBTransmitErrorCounter           0x08002f29   Thumb Code    12  stm32f10x_can.o(.text)
    CAN_ITConfig                             0x08002f35   Thumb Code    18  stm32f10x_can.o(.text)
    CAN_GetFlagStatus                        0x08002f47   Thumb Code   120  stm32f10x_can.o(.text)
    CAN_ClearFlag                            0x08002fbf   Thumb Code    52  stm32f10x_can.o(.text)
    CAN_GetITStatus                          0x08003005   Thumb Code   310  stm32f10x_can.o(.text)
    CAN_ClearITPendingBit                    0x0800313b   Thumb Code   162  stm32f10x_can.o(.text)
    USART_DeInit                             0x080031e1   Thumb Code   134  stm32f10x_usart.o(.text)
    USART_Init                               0x08003267   Thumb Code   210  stm32f10x_usart.o(.text)
    USART_StructInit                         0x08003339   Thumb Code    24  stm32f10x_usart.o(.text)
    USART_ClockInit                          0x08003351   Thumb Code    34  stm32f10x_usart.o(.text)
    USART_ClockStructInit                    0x08003373   Thumb Code    12  stm32f10x_usart.o(.text)
    USART_Cmd                                0x0800337f   Thumb Code    24  stm32f10x_usart.o(.text)
    USART_ITConfig                           0x08003397   Thumb Code    74  stm32f10x_usart.o(.text)
    USART_DMACmd                             0x080033e1   Thumb Code    18  stm32f10x_usart.o(.text)
    USART_SetAddress                         0x080033f3   Thumb Code    18  stm32f10x_usart.o(.text)
    USART_WakeUpConfig                       0x08003405   Thumb Code    18  stm32f10x_usart.o(.text)
    USART_ReceiverWakeUpCmd                  0x08003417   Thumb Code    24  stm32f10x_usart.o(.text)
    USART_LINBreakDetectLengthConfig         0x0800342f   Thumb Code    18  stm32f10x_usart.o(.text)
    USART_LINCmd                             0x08003441   Thumb Code    24  stm32f10x_usart.o(.text)
    USART_SendData                           0x08003459   Thumb Code     8  stm32f10x_usart.o(.text)
    USART_ReceiveData                        0x08003461   Thumb Code    10  stm32f10x_usart.o(.text)
    USART_SendBreak                          0x0800346b   Thumb Code    10  stm32f10x_usart.o(.text)
    USART_SetGuardTime                       0x08003475   Thumb Code    16  stm32f10x_usart.o(.text)
    USART_SetPrescaler                       0x08003485   Thumb Code    16  stm32f10x_usart.o(.text)
    USART_SmartCardCmd                       0x08003495   Thumb Code    24  stm32f10x_usart.o(.text)
    USART_SmartCardNACKCmd                   0x080034ad   Thumb Code    24  stm32f10x_usart.o(.text)
    USART_HalfDuplexCmd                      0x080034c5   Thumb Code    24  stm32f10x_usart.o(.text)
    USART_OverSampling8Cmd                   0x080034dd   Thumb Code    22  stm32f10x_usart.o(.text)
    USART_OneBitMethodCmd                    0x080034f3   Thumb Code    24  stm32f10x_usart.o(.text)
    USART_IrDAConfig                         0x0800350b   Thumb Code    18  stm32f10x_usart.o(.text)
    USART_IrDACmd                            0x0800351d   Thumb Code    24  stm32f10x_usart.o(.text)
    USART_GetFlagStatus                      0x08003535   Thumb Code    26  stm32f10x_usart.o(.text)
    USART_ClearFlag                          0x0800354f   Thumb Code    18  stm32f10x_usart.o(.text)
    USART_GetITStatus                        0x08003561   Thumb Code    84  stm32f10x_usart.o(.text)
    USART_ClearITPendingBit                  0x080035b5   Thumb Code    52  stm32f10x_usart.o(.text)
    TIM_DeInit                               0x080035e9   Thumb Code   424  stm32f10x_tim.o(.text)
    TIM_TimeBaseInit                         0x08003791   Thumb Code   122  stm32f10x_tim.o(.text)
    TIM_OC1Init                              0x0800380b   Thumb Code   132  stm32f10x_tim.o(.text)
    TIM_OC2Init                              0x0800388f   Thumb Code   154  stm32f10x_tim.o(.text)
    TIM_OC3Init                              0x08003929   Thumb Code   150  stm32f10x_tim.o(.text)
    TIM_OC4Init                              0x080039bf   Thumb Code   182  stm32f10x_tim.o(.text)
    TIM_SetIC4Prescaler                      0x08003a75   Thumb Code    26  stm32f10x_tim.o(.text)
    TIM_SetIC3Prescaler                      0x08003b11   Thumb Code    18  stm32f10x_tim.o(.text)
    TIM_SetIC2Prescaler                      0x08003b9d   Thumb Code    26  stm32f10x_tim.o(.text)
    TIM_SetIC1Prescaler                      0x08003c39   Thumb Code    18  stm32f10x_tim.o(.text)
    TIM_ICInit                               0x08003cb7   Thumb Code   150  stm32f10x_tim.o(.text)
    TIM_PWMIConfig                           0x08003d4d   Thumb Code   124  stm32f10x_tim.o(.text)
    TIM_BDTRConfig                           0x08003dc9   Thumb Code    32  stm32f10x_tim.o(.text)
    TIM_TimeBaseStructInit                   0x08003de9   Thumb Code    18  stm32f10x_tim.o(.text)
    TIM_OCStructInit                         0x08003dfb   Thumb Code    20  stm32f10x_tim.o(.text)
    TIM_ICStructInit                         0x08003e0f   Thumb Code    18  stm32f10x_tim.o(.text)
    TIM_BDTRStructInit                       0x08003e21   Thumb Code    40  stm32f10x_tim.o(.text)
    TIM_Cmd                                  0x08003e49   Thumb Code    24  stm32f10x_tim.o(.text)
    TIM_CtrlPWMOutputs                       0x08003e61   Thumb Code    30  stm32f10x_tim.o(.text)
    TIM_ITConfig                             0x08003e7f   Thumb Code    18  stm32f10x_tim.o(.text)
    TIM_GenerateEvent                        0x08003e91   Thumb Code     4  stm32f10x_tim.o(.text)
    TIM_DMAConfig                            0x08003e95   Thumb Code    10  stm32f10x_tim.o(.text)
    TIM_DMACmd                               0x08003e9f   Thumb Code    18  stm32f10x_tim.o(.text)
    TIM_InternalClockConfig                  0x08003eb1   Thumb Code    12  stm32f10x_tim.o(.text)
    TIM_SelectInputTrigger                   0x08003ebd   Thumb Code    18  stm32f10x_tim.o(.text)
    TIM_ITRxExternalClockConfig              0x08003ecf   Thumb Code    24  stm32f10x_tim.o(.text)
    TIM_TIxExternalClockConfig               0x08003ee7   Thumb Code    62  stm32f10x_tim.o(.text)
    TIM_ETRConfig                            0x08003f25   Thumb Code    28  stm32f10x_tim.o(.text)
    TIM_ETRClockMode1Config                  0x08003f41   Thumb Code    54  stm32f10x_tim.o(.text)
    TIM_ETRClockMode2Config                  0x08003f77   Thumb Code    32  stm32f10x_tim.o(.text)
    TIM_PrescalerConfig                      0x08003f97   Thumb Code     6  stm32f10x_tim.o(.text)
    TIM_CounterModeConfig                    0x08003f9d   Thumb Code    18  stm32f10x_tim.o(.text)
    TIM_EncoderInterfaceConfig               0x08003faf   Thumb Code    66  stm32f10x_tim.o(.text)
    TIM_ForcedOC1Config                      0x08003ff1   Thumb Code    18  stm32f10x_tim.o(.text)
    TIM_ForcedOC2Config                      0x08004003   Thumb Code    26  stm32f10x_tim.o(.text)
    TIM_ForcedOC3Config                      0x0800401d   Thumb Code    18  stm32f10x_tim.o(.text)
    TIM_ForcedOC4Config                      0x0800402f   Thumb Code    26  stm32f10x_tim.o(.text)
    TIM_ARRPreloadConfig                     0x08004049   Thumb Code    24  stm32f10x_tim.o(.text)
    TIM_SelectCOM                            0x08004061   Thumb Code    24  stm32f10x_tim.o(.text)
    TIM_SelectCCDMA                          0x08004079   Thumb Code    24  stm32f10x_tim.o(.text)
    TIM_CCPreloadControl                     0x08004091   Thumb Code    24  stm32f10x_tim.o(.text)
    TIM_OC1PreloadConfig                     0x080040a9   Thumb Code    18  stm32f10x_tim.o(.text)
    TIM_OC2PreloadConfig                     0x080040bb   Thumb Code    26  stm32f10x_tim.o(.text)
    TIM_OC3PreloadConfig                     0x080040d5   Thumb Code    18  stm32f10x_tim.o(.text)
    TIM_OC4PreloadConfig                     0x080040e7   Thumb Code    26  stm32f10x_tim.o(.text)
    TIM_OC1FastConfig                        0x08004101   Thumb Code    18  stm32f10x_tim.o(.text)
    TIM_OC2FastConfig                        0x08004113   Thumb Code    26  stm32f10x_tim.o(.text)
    TIM_OC3FastConfig                        0x0800412d   Thumb Code    18  stm32f10x_tim.o(.text)
    TIM_OC4FastConfig                        0x0800413f   Thumb Code    26  stm32f10x_tim.o(.text)
    TIM_ClearOC1Ref                          0x08004159   Thumb Code    18  stm32f10x_tim.o(.text)
    TIM_ClearOC2Ref                          0x0800416b   Thumb Code    24  stm32f10x_tim.o(.text)
    TIM_ClearOC3Ref                          0x08004183   Thumb Code    18  stm32f10x_tim.o(.text)
    TIM_ClearOC4Ref                          0x08004195   Thumb Code    24  stm32f10x_tim.o(.text)
    TIM_OC1PolarityConfig                    0x080041ad   Thumb Code    18  stm32f10x_tim.o(.text)
    TIM_OC1NPolarityConfig                   0x080041bf   Thumb Code    18  stm32f10x_tim.o(.text)
    TIM_OC2PolarityConfig                    0x080041d1   Thumb Code    26  stm32f10x_tim.o(.text)
    TIM_OC2NPolarityConfig                   0x080041eb   Thumb Code    26  stm32f10x_tim.o(.text)
    TIM_OC3PolarityConfig                    0x08004205   Thumb Code    26  stm32f10x_tim.o(.text)
    TIM_OC3NPolarityConfig                   0x0800421f   Thumb Code    26  stm32f10x_tim.o(.text)
    TIM_OC4PolarityConfig                    0x08004239   Thumb Code    26  stm32f10x_tim.o(.text)
    TIM_CCxCmd                               0x08004253   Thumb Code    30  stm32f10x_tim.o(.text)
    TIM_CCxNCmd                              0x08004271   Thumb Code    30  stm32f10x_tim.o(.text)
    TIM_SelectOCxM                           0x0800428f   Thumb Code    82  stm32f10x_tim.o(.text)
    TIM_UpdateDisableConfig                  0x080042e1   Thumb Code    24  stm32f10x_tim.o(.text)
    TIM_UpdateRequestConfig                  0x080042f9   Thumb Code    24  stm32f10x_tim.o(.text)
    TIM_SelectHallSensor                     0x08004311   Thumb Code    24  stm32f10x_tim.o(.text)
    TIM_SelectOnePulseMode                   0x08004329   Thumb Code    18  stm32f10x_tim.o(.text)
    TIM_SelectOutputTrigger                  0x0800433b   Thumb Code    18  stm32f10x_tim.o(.text)
    TIM_SelectSlaveMode                      0x0800434d   Thumb Code    18  stm32f10x_tim.o(.text)
    TIM_SelectMasterSlaveMode                0x0800435f   Thumb Code    18  stm32f10x_tim.o(.text)
    TIM_SetCounter                           0x08004371   Thumb Code     4  stm32f10x_tim.o(.text)
    TIM_SetAutoreload                        0x08004375   Thumb Code     4  stm32f10x_tim.o(.text)
    TIM_SetCompare1                          0x08004379   Thumb Code     4  stm32f10x_tim.o(.text)
    TIM_SetCompare2                          0x0800437d   Thumb Code     4  stm32f10x_tim.o(.text)
    TIM_SetCompare3                          0x08004381   Thumb Code     4  stm32f10x_tim.o(.text)
    TIM_SetCompare4                          0x08004385   Thumb Code     6  stm32f10x_tim.o(.text)
    TIM_SetClockDivision                     0x0800438b   Thumb Code    18  stm32f10x_tim.o(.text)
    TIM_GetCapture1                          0x0800439d   Thumb Code     6  stm32f10x_tim.o(.text)
    TIM_GetCapture2                          0x080043a3   Thumb Code     6  stm32f10x_tim.o(.text)
    TIM_GetCapture3                          0x080043a9   Thumb Code     6  stm32f10x_tim.o(.text)
    TIM_GetCapture4                          0x080043af   Thumb Code     8  stm32f10x_tim.o(.text)
    TIM_GetCounter                           0x080043b7   Thumb Code     6  stm32f10x_tim.o(.text)
    TIM_GetPrescaler                         0x080043bd   Thumb Code     6  stm32f10x_tim.o(.text)
    TIM_GetFlagStatus                        0x080043c3   Thumb Code    18  stm32f10x_tim.o(.text)
    TIM_ClearFlag                            0x080043d5   Thumb Code     6  stm32f10x_tim.o(.text)
    TIM_GetITStatus                          0x080043db   Thumb Code    34  stm32f10x_tim.o(.text)
    TIM_ClearITPendingBit                    0x080043fd   Thumb Code     6  stm32f10x_tim.o(.text)
    __use_no_semihosting                     0x08004403   Thumb Code     2  use_no_semi_2.o(.text)
    __use_two_region_memory                  0x08004405   Thumb Code     2  heapauxi.o(.text)
    __rt_heap_escrow$2region                 0x08004407   Thumb Code     2  heapauxi.o(.text)
    __rt_heap_expand$2region                 0x08004409   Thumb Code     2  heapauxi.o(.text)
    __I$use$semihosting                      0x0800440b   Thumb Code     0  use_no_semi.o(.text)
    __use_no_semihosting_swi                 0x0800440b   Thumb Code     2  use_no_semi.o(.text)
    __read_errno                             0x0800440d   Thumb Code    10  _rserrno.o(.text)
    __set_errno                              0x08004417   Thumb Code    12  _rserrno.o(.text)
    __aeabi_errno_addr                       0x08004425   Thumb Code     8  rt_errno_addr_intlibspace.o(.text)
    __errno$intlibspace                      0x08004425   Thumb Code     0  rt_errno_addr_intlibspace.o(.text)
    __rt_errno_addr$intlibspace              0x08004425   Thumb Code     0  rt_errno_addr_intlibspace.o(.text)
    __user_libspace                          0x0800442d   Thumb Code     8  libspace.o(.text)
    __user_perproc_libspace                  0x0800442d   Thumb Code     0  libspace.o(.text)
    __user_perthread_libspace                0x0800442d   Thumb Code     0  libspace.o(.text)
    __user_setup_stackheap                   0x08004435   Thumb Code    74  sys_stackheap_outer.o(.text)
    exit                                     0x0800447f   Thumb Code    18  exit.o(.text)
    fmax                                     0x08004491   Thumb Code    66  fmax.o(i.fmax)
    fmin                                     0x080044d3   Thumb Code    66  fmin.o(i.fmin)
    sqrt                                     0x08004515   Thumb Code    76  sqrt.o(i.sqrt)
    __aeabi_d2f                              0x08004561   Thumb Code     0  d2f.o(x$fpl$d2f)
    _d2f                                     0x08004561   Thumb Code    98  d2f.o(x$fpl$d2f)
    __aeabi_dadd                             0x080045c5   Thumb Code     0  daddsub_clz.o(x$fpl$dadd)
    _dadd                                    0x080045c5   Thumb Code   332  daddsub_clz.o(x$fpl$dadd)
    __dcmp4                                  0x08004715   Thumb Code    98  dcmp4.o(x$fpl$dcmp4)
    __ARM_dcmp4                              0x08004777   Thumb Code     0  dcmp4.o(x$fpl$dcmp4)
    _dcmp4                                   0x08004777   Thumb Code    60  dcmp4.o(x$fpl$dcmp4)
    __dcmp4e                                 0x080047b3   Thumb Code    98  dcmp4.o(x$fpl$dcmp4)
    __ARM_dcmp4e                             0x08004815   Thumb Code     0  dcmp4.o(x$fpl$dcmp4)
    _dcmp4e                                  0x08004815   Thumb Code    54  dcmp4.o(x$fpl$dcmp4)
    __fpl_dcmp_Inf                           0x0800484b   Thumb Code    24  dcmpi.o(x$fpl$dcmpinf)
    __aeabi_ddiv                             0x08004865   Thumb Code     0  ddiv.o(x$fpl$ddiv)
    _ddiv                                    0x08004865   Thumb Code   552  ddiv.o(x$fpl$ddiv)
    __aeabi_d2iz                             0x08004b15   Thumb Code     0  dfix.o(x$fpl$dfix)
    _dfix                                    0x08004b15   Thumb Code    94  dfix.o(x$fpl$dfix)
    __aeabi_i2d                              0x08004b73   Thumb Code     0  dflt_clz.o(x$fpl$dflt)
    _dflt                                    0x08004b73   Thumb Code    46  dflt_clz.o(x$fpl$dflt)
    __aeabi_cdcmple                          0x08004ba1   Thumb Code     0  dleqf.o(x$fpl$dleqf)
    _dcmple                                  0x08004ba1   Thumb Code   120  dleqf.o(x$fpl$dleqf)
    __fpl_dcmple_InfNaN                      0x08004c03   Thumb Code     0  dleqf.o(x$fpl$dleqf)
    __aeabi_dmul                             0x08004c19   Thumb Code     0  dmul.o(x$fpl$dmul)
    _dmul                                    0x08004c19   Thumb Code   332  dmul.o(x$fpl$dmul)
    __fpl_dnaninf                            0x08004d6d   Thumb Code   156  dnaninf.o(x$fpl$dnaninf)
    __fpl_dretinf                            0x08004e09   Thumb Code    12  dretinf.o(x$fpl$dretinf)
    _dsqrt                                   0x08004e15   Thumb Code   456  dsqrt_noumaal.o(x$fpl$dsqrt)
    __aeabi_dsub                             0x08004fe1   Thumb Code     0  daddsub_clz.o(x$fpl$dsub)
    _dsub                                    0x08004fe1   Thumb Code   464  daddsub_clz.o(x$fpl$dsub)
    __aeabi_f2d                              0x080051b5   Thumb Code     0  f2d.o(x$fpl$f2d)
    _f2d                                     0x080051b5   Thumb Code    86  f2d.o(x$fpl$f2d)
    __aeabi_fadd                             0x0800520d   Thumb Code     0  faddsub_clz.o(x$fpl$fadd)
    _fadd                                    0x0800520d   Thumb Code   196  faddsub_clz.o(x$fpl$fadd)
    __fpl_fcmp_Inf                           0x080052d1   Thumb Code    24  fcmpi.o(x$fpl$fcmpinf)
    __aeabi_fdiv                             0x080052e9   Thumb Code     0  fdiv.o(x$fpl$fdiv)
    _fdiv                                    0x080052e9   Thumb Code   384  fdiv.o(x$fpl$fdiv)
    __aeabi_f2iz                             0x0800546d   Thumb Code     0  ffix.o(x$fpl$ffix)
    _ffix                                    0x0800546d   Thumb Code    54  ffix.o(x$fpl$ffix)
    __aeabi_i2f                              0x080054a5   Thumb Code     0  fflt_clz.o(x$fpl$fflt)
    _fflt                                    0x080054a5   Thumb Code    48  fflt_clz.o(x$fpl$fflt)
    __aeabi_cfcmple                          0x080054d5   Thumb Code     0  fleqf.o(x$fpl$fleqf)
    _fcmple                                  0x080054d5   Thumb Code   104  fleqf.o(x$fpl$fleqf)
    __fpl_fcmple_InfNaN                      0x08005527   Thumb Code     0  fleqf.o(x$fpl$fleqf)
    __aeabi_fmul                             0x0800553d   Thumb Code     0  fmul.o(x$fpl$fmul)
    _fmul                                    0x0800553d   Thumb Code   258  fmul.o(x$fpl$fmul)
    __fpl_fnaninf                            0x0800563f   Thumb Code   140  fnaninf.o(x$fpl$fnaninf)
    __fpl_fretinf                            0x080056cb   Thumb Code    10  fretinf.o(x$fpl$fretinf)
    __aeabi_cfrcmple                         0x080056d5   Thumb Code     0  frleqf.o(x$fpl$frleqf)
    _frcmple                                 0x080056d5   Thumb Code    98  frleqf.o(x$fpl$frleqf)
    __aeabi_fsub                             0x08005739   Thumb Code     0  faddsub_clz.o(x$fpl$fsub)
    _fsub                                    0x08005739   Thumb Code   234  faddsub_clz.o(x$fpl$fsub)
    __I$use$fp                               0x08005822   Number         0  usenofp.o(x$fpl$usenofp)
    Region$$Table$$Base                      0x08005824   Number         0  anon$$obj.o(Region$$Table)
    Region$$Table$$Limit                     0x08005844   Number         0  anon$$obj.o(Region$$Table)
    SystemCoreClock                          0x20000000   Data           4  system_stm32f10x.o(.data)
    AHBPrescTable                            0x20000004   Data          16  system_stm32f10x.o(.data)
    CAN_TX_BUF1                              0x20000015   Data           8  can.o(.data)
    CAN_TX_BUF2                              0x2000001d   Data           8  can.o(.data)
    detect                                   0x20000025   Data           1  control.o(.data)
    CAN_RX_BUF                               0x20000040   Data          40  can.o(.bss)
    chassis                                  0x20000068   Data         328  chassis.o(.bss)
    cocoClaw                                 0x200001b0   Data         120  coco_claw.o(.bss)
    lockClaw                                 0x20000228   Data         112  lock_claw.o(.bss)
    __libspace_start                         0x20000298   Data          96  libspace.o(.bss)
    __temporary_stack_top$libspace           0x200002f8   Data           0  libspace.o(.bss)



==============================================================================

Memory Map of the image

  Image Entry point : 0x08000131

  Load Region LR_IROM1 (Base: 0x08000000, Size: 0x00005884, Max: 0x00080000, ABSOLUTE)

    Execution Region ER_IROM1 (Exec base: 0x08000000, Load base: 0x08000000, Size: 0x00005844, Max: 0x00080000, ABSOLUTE)

    Exec Addr    Load Addr    Size         Type   Attr      Idx    E Section Name        Object

    0x08000000   0x08000000   0x00000130   Data   RO          480    RESET               startup_stm32f10x_hd.o
    0x08000130   0x08000130   0x00000008   Code   RO          626  * !!!main             c_w.l(__main.o)
    0x08000138   0x08000138   0x00000034   Code   RO          890    !!!scatter          c_w.l(__scatter.o)
    0x0800016c   0x0800016c   0x0000001a   Code   RO          892    !!handler_copy      c_w.l(__scatter_copy.o)
    0x08000186   0x08000186   0x00000002   PAD
    0x08000188   0x08000188   0x0000001c   Code   RO          894    !!handler_zi        c_w.l(__scatter_zi.o)
    0x080001a4   0x080001a4   0x00000002   Code   RO          765    .ARM.Collect$$libinit$$00000000  c_w.l(libinit.o)
    0x080001a6   0x080001a6   0x00000000   Code   RO          769    .ARM.Collect$$libinit$$00000002  c_w.l(libinit2.o)
    0x080001a6   0x080001a6   0x00000000   Code   RO          771    .ARM.Collect$$libinit$$00000004  c_w.l(libinit2.o)
    0x080001a6   0x080001a6   0x00000000   Code   RO          774    .ARM.Collect$$libinit$$0000000A  c_w.l(libinit2.o)
    0x080001a6   0x080001a6   0x00000000   Code   RO          776    .ARM.Collect$$libinit$$0000000C  c_w.l(libinit2.o)
    0x080001a6   0x080001a6   0x00000000   Code   RO          778    .ARM.Collect$$libinit$$0000000E  c_w.l(libinit2.o)
    0x080001a6   0x080001a6   0x00000000   Code   RO          781    .ARM.Collect$$libinit$$00000011  c_w.l(libinit2.o)
    0x080001a6   0x080001a6   0x00000000   Code   RO          783    .ARM.Collect$$libinit$$00000013  c_w.l(libinit2.o)
    0x080001a6   0x080001a6   0x00000000   Code   RO          785    .ARM.Collect$$libinit$$00000015  c_w.l(libinit2.o)
    0x080001a6   0x080001a6   0x00000000   Code   RO          787    .ARM.Collect$$libinit$$00000017  c_w.l(libinit2.o)
    0x080001a6   0x080001a6   0x00000000   Code   RO          789    .ARM.Collect$$libinit$$00000019  c_w.l(libinit2.o)
    0x080001a6   0x080001a6   0x00000000   Code   RO          791    .ARM.Collect$$libinit$$0000001B  c_w.l(libinit2.o)
    0x080001a6   0x080001a6   0x00000000   Code   RO          793    .ARM.Collect$$libinit$$0000001D  c_w.l(libinit2.o)
    0x080001a6   0x080001a6   0x00000000   Code   RO          795    .ARM.Collect$$libinit$$0000001F  c_w.l(libinit2.o)
    0x080001a6   0x080001a6   0x00000000   Code   RO          797    .ARM.Collect$$libinit$$00000021  c_w.l(libinit2.o)
    0x080001a6   0x080001a6   0x00000000   Code   RO          799    .ARM.Collect$$libinit$$00000023  c_w.l(libinit2.o)
    0x080001a6   0x080001a6   0x00000000   Code   RO          801    .ARM.Collect$$libinit$$00000025  c_w.l(libinit2.o)
    0x080001a6   0x080001a6   0x00000000   Code   RO          805    .ARM.Collect$$libinit$$0000002C  c_w.l(libinit2.o)
    0x080001a6   0x080001a6   0x00000000   Code   RO          807    .ARM.Collect$$libinit$$0000002E  c_w.l(libinit2.o)
    0x080001a6   0x080001a6   0x00000000   Code   RO          809    .ARM.Collect$$libinit$$00000030  c_w.l(libinit2.o)
    0x080001a6   0x080001a6   0x00000000   Code   RO          811    .ARM.Collect$$libinit$$00000032  c_w.l(libinit2.o)
    0x080001a6   0x080001a6   0x00000002   Code   RO          812    .ARM.Collect$$libinit$$00000033  c_w.l(libinit2.o)
    0x080001a8   0x080001a8   0x00000002   Code   RO          830    .ARM.Collect$$libshutdown$$00000000  c_w.l(libshutdown.o)
    0x080001aa   0x080001aa   0x00000000   Code   RO          840    .ARM.Collect$$libshutdown$$00000002  c_w.l(libshutdown2.o)
    0x080001aa   0x080001aa   0x00000000   Code   RO          842    .ARM.Collect$$libshutdown$$00000004  c_w.l(libshutdown2.o)
    0x080001aa   0x080001aa   0x00000000   Code   RO          844    .ARM.Collect$$libshutdown$$00000006  c_w.l(libshutdown2.o)
    0x080001aa   0x080001aa   0x00000000   Code   RO          847    .ARM.Collect$$libshutdown$$00000009  c_w.l(libshutdown2.o)
    0x080001aa   0x080001aa   0x00000000   Code   RO          850    .ARM.Collect$$libshutdown$$0000000C  c_w.l(libshutdown2.o)
    0x080001aa   0x080001aa   0x00000000   Code   RO          852    .ARM.Collect$$libshutdown$$0000000E  c_w.l(libshutdown2.o)
    0x080001aa   0x080001aa   0x00000000   Code   RO          855    .ARM.Collect$$libshutdown$$00000011  c_w.l(libshutdown2.o)
    0x080001aa   0x080001aa   0x00000002   Code   RO          856    .ARM.Collect$$libshutdown$$00000012  c_w.l(libshutdown2.o)
    0x080001ac   0x080001ac   0x00000000   Code   RO          700    .ARM.Collect$$rtentry$$00000000  c_w.l(__rtentry.o)
    0x080001ac   0x080001ac   0x00000000   Code   RO          726    .ARM.Collect$$rtentry$$00000002  c_w.l(__rtentry2.o)
    0x080001ac   0x080001ac   0x00000006   Code   RO          738    .ARM.Collect$$rtentry$$00000004  c_w.l(__rtentry4.o)
    0x080001b2   0x080001b2   0x00000000   Code   RO          728    .ARM.Collect$$rtentry$$00000009  c_w.l(__rtentry2.o)
    0x080001b2   0x080001b2   0x00000004   Code   RO          729    .ARM.Collect$$rtentry$$0000000A  c_w.l(__rtentry2.o)
    0x080001b6   0x080001b6   0x00000000   Code   RO          731    .ARM.Collect$$rtentry$$0000000C  c_w.l(__rtentry2.o)
    0x080001b6   0x080001b6   0x00000008   Code   RO          732    .ARM.Collect$$rtentry$$0000000D  c_w.l(__rtentry2.o)
    0x080001be   0x080001be   0x00000002   Code   RO          766    .ARM.Collect$$rtexit$$00000000  c_w.l(rtexit.o)
    0x080001c0   0x080001c0   0x00000000   Code   RO          814    .ARM.Collect$$rtexit$$00000002  c_w.l(rtexit2.o)
    0x080001c0   0x080001c0   0x00000004   Code   RO          815    .ARM.Collect$$rtexit$$00000003  c_w.l(rtexit2.o)
    0x080001c4   0x080001c4   0x00000006   Code   RO          816    .ARM.Collect$$rtexit$$00000004  c_w.l(rtexit2.o)
    0x080001ca   0x080001ca   0x00000002   PAD
    0x080001cc   0x080001cc   0x00000098   Code   RO            1    .text               main.o
    0x08000264   0x08000264   0x0000001a   Code   RO          158    .text               stm32f10x_it.o
    0x0800027e   0x0800027e   0x00000002   PAD
    0x08000280   0x08000280   0x000001e0   Code   RO          199    .text               system_stm32f10x.o
    0x08000460   0x08000460   0x000000d8   Code   RO          229    .text               key.o
    0x08000538   0x08000538   0x00000290   Code   RO          265    .text               can.o
    0x080007c8   0x080007c8   0x0000043c   Code   RO          288    .text               motor.o
    0x08000c04   0x08000c04   0x0000032c   Code   RO          314    .text               chassis.o
    0x08000f30   0x08000f30   0x00000874   Code   RO          333    .text               control.o
    0x080017a4   0x080017a4   0x000001b8   Code   RO          352    .text               coco_claw.o
    0x0800195c   0x0800195c   0x000001a8   Code   RO          371    .text               lock_claw.o
    0x08001b04   0x08001b04   0x00000100   Code   RO          390    .text               timer.o
    0x08001c04   0x08001c04   0x00000222   Code   RO          402    .text               speed_planner.o
    0x08001e26   0x08001e26   0x00000002   PAD
    0x08001e28   0x08001e28   0x000000d4   Code   RO          414    .text               delay.o
    0x08001efc   0x08001efc   0x000000d8   Code   RO          445    .text               usart.o
    0x08001fd4   0x08001fd4   0x00000040   Code   RO          481    .text               startup_stm32f10x_hd.o
    0x08002014   0x08002014   0x000000dc   Code   RO          485    .text               misc.o
    0x080020f0   0x080020f0   0x0000035c   Code   RO          509    .text               stm32f10x_gpio.o
    0x0800244c   0x0800244c   0x000003a4   Code   RO          521    .text               stm32f10x_rcc.o
    0x080027f0   0x080027f0   0x000009f0   Code   RO          535    .text               stm32f10x_can.o
    0x080031e0   0x080031e0   0x00000408   Code   RO          547    .text               stm32f10x_usart.o
    0x080035e8   0x080035e8   0x00000e1a   Code   RO          559    .text               stm32f10x_tim.o
    0x08004402   0x08004402   0x00000002   Code   RO          573    .text               c_w.l(use_no_semi_2.o)
    0x08004404   0x08004404   0x00000006   Code   RO          624    .text               c_w.l(heapauxi.o)
    0x0800440a   0x0800440a   0x00000002   Code   RO          698    .text               c_w.l(use_no_semi.o)
    0x0800440c   0x0800440c   0x00000016   Code   RO          701    .text               c_w.l(_rserrno.o)
    0x08004422   0x08004422   0x00000002   PAD
    0x08004424   0x08004424   0x00000008   Code   RO          743    .text               c_w.l(rt_errno_addr_intlibspace.o)
    0x0800442c   0x0800442c   0x00000008   Code   RO          751    .text               c_w.l(libspace.o)
    0x08004434   0x08004434   0x0000004a   Code   RO          754    .text               c_w.l(sys_stackheap_outer.o)
    0x0800447e   0x0800447e   0x00000012   Code   RO          758    .text               c_w.l(exit.o)
    0x08004490   0x08004490   0x00000042   Code   RO          686    i.fmax              m_ws.l(fmax.o)
    0x080044d2   0x080044d2   0x00000042   Code   RO          696    i.fmin              m_ws.l(fmin.o)
    0x08004514   0x08004514   0x0000004c   Code   RO          689    i.sqrt              m_ws.l(sqrt.o)
    0x08004560   0x08004560   0x00000062   Code   RO          628    x$fpl$d2f           fz_ws.l(d2f.o)
    0x080045c2   0x080045c2   0x00000002   PAD
    0x080045c4   0x080045c4   0x00000150   Code   RO          630    x$fpl$dadd          fz_ws.l(daddsub_clz.o)
    0x08004714   0x08004714   0x00000136   Code   RO          708    x$fpl$dcmp4         fz_ws.l(dcmp4.o)
    0x0800484a   0x0800484a   0x00000018   Code   RO          710    x$fpl$dcmpinf       fz_ws.l(dcmpi.o)
    0x08004862   0x08004862   0x00000002   PAD
    0x08004864   0x08004864   0x000002b0   Code   RO          637    x$fpl$ddiv          fz_ws.l(ddiv.o)
    0x08004b14   0x08004b14   0x0000005e   Code   RO          640    x$fpl$dfix          fz_ws.l(dfix.o)
    0x08004b72   0x08004b72   0x0000002e   Code   RO          649    x$fpl$dflt          fz_ws.l(dflt_clz.o)
    0x08004ba0   0x08004ba0   0x00000078   Code   RO          654    x$fpl$dleqf         fz_ws.l(dleqf.o)
    0x08004c18   0x08004c18   0x00000154   Code   RO          656    x$fpl$dmul          fz_ws.l(dmul.o)
    0x08004d6c   0x08004d6c   0x0000009c   Code   RO          712    x$fpl$dnaninf       fz_ws.l(dnaninf.o)
    0x08004e08   0x08004e08   0x0000000c   Code   RO          714    x$fpl$dretinf       fz_ws.l(dretinf.o)
    0x08004e14   0x08004e14   0x000001cc   Code   RO          716    x$fpl$dsqrt         fz_ws.l(dsqrt_noumaal.o)
    0x08004fe0   0x08004fe0   0x000001d4   Code   RO          632    x$fpl$dsub          fz_ws.l(daddsub_clz.o)
    0x080051b4   0x080051b4   0x00000056   Code   RO          658    x$fpl$f2d           fz_ws.l(f2d.o)
    0x0800520a   0x0800520a   0x00000002   PAD
    0x0800520c   0x0800520c   0x000000c4   Code   RO          660    x$fpl$fadd          fz_ws.l(faddsub_clz.o)
    0x080052d0   0x080052d0   0x00000018   Code   RO          718    x$fpl$fcmpinf       fz_ws.l(fcmpi.o)
    0x080052e8   0x080052e8   0x00000184   Code   RO          667    x$fpl$fdiv          fz_ws.l(fdiv.o)
    0x0800546c   0x0800546c   0x00000036   Code   RO          670    x$fpl$ffix          fz_ws.l(ffix.o)
    0x080054a2   0x080054a2   0x00000002   PAD
    0x080054a4   0x080054a4   0x00000030   Code   RO          675    x$fpl$fflt          fz_ws.l(fflt_clz.o)
    0x080054d4   0x080054d4   0x00000068   Code   RO          680    x$fpl$fleqf         fz_ws.l(fleqf.o)
    0x0800553c   0x0800553c   0x00000102   Code   RO          682    x$fpl$fmul          fz_ws.l(fmul.o)
    0x0800563e   0x0800563e   0x0000008c   Code   RO          720    x$fpl$fnaninf       fz_ws.l(fnaninf.o)
    0x080056ca   0x080056ca   0x0000000a   Code   RO          722    x$fpl$fretinf       fz_ws.l(fretinf.o)
    0x080056d4   0x080056d4   0x00000062   Code   RO          684    x$fpl$frleqf        fz_ws.l(frleqf.o)
    0x08005736   0x08005736   0x00000002   PAD
    0x08005738   0x08005738   0x000000ea   Code   RO          662    x$fpl$fsub          fz_ws.l(faddsub_clz.o)
    0x08005822   0x08005822   0x00000000   Code   RO          724    x$fpl$usenofp       fz_ws.l(usenofp.o)
    0x08005822   0x08005822   0x00000002   PAD
    0x08005824   0x08005824   0x00000020   Data   RO          888    Region$$Table       anon$$obj.o


    Execution Region RW_IRAM1 (Exec base: 0x20000000, Load base: 0x08005844, Size: 0x000008f8, Max: 0x00010000, ABSOLUTE)

    Exec Addr    Load Addr    Size         Type   Attr      Idx    E Section Name        Object

    0x20000000   0x08005844   0x00000014   Data   RW          200    .data               system_stm32f10x.o
    0x20000014   0x08005858   0x00000001   Data   RW          230    .data               key.o
    0x20000015   0x08005859   0x00000010   Data   RW          267    .data               can.o
    0x20000025   0x08005869   0x00000001   Data   RW          335    .data               control.o
    0x20000026   0x0800586a   0x00000004   Data   RW          415    .data               delay.o
    0x2000002a   0x0800586e   0x00000014   Data   RW          522    .data               stm32f10x_rcc.o
    0x2000003e   0x08005882   0x00000002   PAD
    0x20000040        -       0x00000028   Zero   RW          266    .bss                can.o
    0x20000068        -       0x00000148   Zero   RW          315    .bss                chassis.o
    0x200001b0        -       0x00000078   Zero   RW          353    .bss                coco_claw.o
    0x20000228        -       0x00000070   Zero   RW          372    .bss                lock_claw.o
    0x20000298        -       0x00000060   Zero   RW          752    .bss                c_w.l(libspace.o)
    0x200002f8        -       0x00000200   Zero   RW          479    HEAP                startup_stm32f10x_hd.o
    0x200004f8        -       0x00000400   Zero   RW          478    STACK               startup_stm32f10x_hd.o


==============================================================================

Image component sizes


      Code (inc. data)   RO Data    RW Data    ZI Data      Debug   Object Name

       656         26          0         16         40       3285   can.o
       812         74          0          0        328       4388   chassis.o
       440         54          0          0        120       2949   coco_claw.o
      2164        134          0          1          0       4541   control.o
       212         18          0          4          0       1015   delay.o
       216         14          0          1          0        804   key.o
       424         54          0          0        112       2474   lock_claw.o
       152         12          0          0          0     262527   main.o
       220         22          0          0          0       1773   misc.o
      1084        118          0          0          0       3289   motor.o
       546          0          0          0          0       1329   speed_planner.o
        64         26        304          0       1536        780   startup_stm32f10x_hd.o
      2544         38          0          0          0       8004   stm32f10x_can.o
       860         38          0          0          0       5705   stm32f10x_gpio.o
        26          0          0          0          0       1166   stm32f10x_it.o
       932         36          0         20          0       8872   stm32f10x_rcc.o
      3610         88          0          0          0      22816   stm32f10x_tim.o
      1032         22          0          0          0       8432   stm32f10x_usart.o
         0          0          0          0          0         32   sys.o
       480         38          0         20          0       1695   system_stm32f10x.o
       256         14          0          0          0       1182   timer.o
       216         14          0          0          0       2741   usart.o

    ----------------------------------------------------------------------
     16950        840        336         64       2136     349799   Object Totals
         0          0         32          0          0          0   (incl. Generated)
         4          0          0          2          0          0   (incl. Padding)

    ----------------------------------------------------------------------

      Code (inc. data)   RO Data    RW Data    ZI Data      Debug   Library Member Name

         8          0          0          0          0         68   __main.o
         0          0          0          0          0          0   __rtentry.o
        12          0          0          0          0          0   __rtentry2.o
         6          0          0          0          0          0   __rtentry4.o
        52          8          0          0          0          0   __scatter.o
        26          0          0          0          0          0   __scatter_copy.o
        28          0          0          0          0          0   __scatter_zi.o
        22          0          0          0          0        100   _rserrno.o
        18          0          0          0          0         80   exit.o
         6          0          0          0          0        152   heapauxi.o
         2          0          0          0          0          0   libinit.o
         2          0          0          0          0          0   libinit2.o
         2          0          0          0          0          0   libshutdown.o
         2          0          0          0          0          0   libshutdown2.o
         8          4          0          0         96         68   libspace.o
         8          4          0          0          0         68   rt_errno_addr_intlibspace.o
         2          0          0          0          0          0   rtexit.o
        10          0          0          0          0          0   rtexit2.o
        74          0          0          0          0         80   sys_stackheap_outer.o
         2          0          0          0          0         68   use_no_semi.o
         2          0          0          0          0         68   use_no_semi_2.o
        98          4          0          0          0         92   d2f.o
       804         16          0          0          0        272   daddsub_clz.o
       310          8          0          0          0        180   dcmp4.o
        24          0          0          0          0         68   dcmpi.o
       688        140          0          0          0        208   ddiv.o
        94          4          0          0          0         92   dfix.o
        46          0          0          0          0         68   dflt_clz.o
       120          4          0          0          0         92   dleqf.o
       340         12          0          0          0        104   dmul.o
       156          4          0          0          0         92   dnaninf.o
        12          0          0          0          0         68   dretinf.o
       460         56          0          0          0        120   dsqrt_noumaal.o
        86          4          0          0          0         84   f2d.o
       430          8          0          0          0        168   faddsub_clz.o
        24          0          0          0          0         68   fcmpi.o
       388         76          0          0          0         96   fdiv.o
        54          4          0          0          0         84   ffix.o
        48          0          0          0          0         68   fflt_clz.o
       104          4          0          0          0         84   fleqf.o
       258          4          0          0          0         84   fmul.o
       140          4          0          0          0         84   fnaninf.o
        10          0          0          0          0         68   fretinf.o
        98          0          0          0          0         68   frleqf.o
         0          0          0          0          0          0   usenofp.o
        66          0          0          0          0         84   fmax.o
        66          0          0          0          0         84   fmin.o
        76          0          0          0          0         84   sqrt.o

    ----------------------------------------------------------------------
      5310        368          0          0         96       3416   Library Totals
        18          0          0          0          0          0   (incl. Padding)

    ----------------------------------------------------------------------

      Code (inc. data)   RO Data    RW Data    ZI Data      Debug   Library Name

       292         16          0          0         96        752   c_w.l
      4792        352          0          0          0       2412   fz_ws.l
       208          0          0          0          0        252   m_ws.l

    ----------------------------------------------------------------------
      5310        368          0          0         96       3416   Library Totals

    ----------------------------------------------------------------------

==============================================================================


      Code (inc. data)   RO Data    RW Data    ZI Data      Debug   

     22260       1208        336         64       2232     350039   Grand Totals
     22260       1208        336         64       2232     350039   ELF Image Totals
     22260       1208        336         64          0          0   ROM Totals

==============================================================================

    Total RO  Size (Code + RO Data)                22596 (  22.07kB)
    Total RW  Size (RW Data + ZI Data)              2296 (   2.24kB)
    Total ROM Size (Code + RO Data + RW Data)      22660 (  22.13kB)

==============================================================================

